Considering: import/gnucobol/tests/testsuite.src/data_packed.at:45:0
data_packed.at-45-dump.c:5.6-5.7:
   2   #include <stdio.h>
   3   #include <libcob.h>
   4   
   5 > COB_EXT_EXPORT int
----         ^
   6   dump (unsigned char *data)
   7   {
>> Error: Unexpected indicator: `T'

data_packed.at-45-dump.c:5.7-5.8:
   2   #include <stdio.h>
   3   #include <libcob.h>
   4   
   5 > COB_EXT_EXPORT int
----          ^
   6   dump (unsigned char *data)
   7   {
>> Error: Invalid syntax

data_packed.at-45-dump.c:6.6-6.7:
   3   #include <libcob.h>
   4   
   5   COB_EXT_EXPORT int
   6 > dump (unsigned char *data)
----         ^
   7   {
   8     int i;
>> Error: Unexpected indicator: `u'

data_packed.at-45-dump.c:8.6-8.7:
   5   COB_EXT_EXPORT int
   6   dump (unsigned char *data)
   7   {
   8 >   int i;
----         ^
   9     for (i = 0; i < 10; i++)
  10       printf ("%02x", data[i]);
>> Error: Unexpected indicator: `i'

data_packed.at-45-dump.c:9.6-9.7:
   6   dump (unsigned char *data)
   7   {
   8     int i;
   9 >   for (i = 0; i < 10; i++)
----         ^
  10       printf ("%02x", data[i]);
  11     puts ("");
>> Error: Unexpected indicator: `('

data_packed.at-45-dump.c:10.6-10.7:
   7   {
   8     int i;
   9     for (i = 0; i < 10; i++)
  10 >     printf ("%02x", data[i]);
----         ^
  11     puts ("");
  12     return 0;
>> Error: Unexpected indicator: `i'

data_packed.at-45-dump.c:12.6-12.7:
   9     for (i = 0; i < 10; i++)
  10       printf ("%02x", data[i]);
  11     puts ("");
  12 >   return 0;
----         ^
  13   }
>> Error: Unexpected indicator: `r'

Considering: import/gnucobol/tests/testsuite.src/data_packed.at:203:0
Considering: import/gnucobol/tests/testsuite.src/data_packed.at:432:0
data_packed.at-432-prog.cob:8.37:
   5          WORKING-STORAGE  SECTION.
   6          78 FENCE         VALUE x'ABBAAB'.
   7          01 FILLER.
   8 >          05 FENCE-1     PIC XXX VALUE FENCE.
----                                        ^
   9            05 X-99        PIC 99    USAGE PACKED-DECIMAL.
  10            05 FENCE-2     PIC XXX VALUE FENCE.
>> Hint: Missing <literal>

data_packed.at-432-prog.cob:8.38-8.43:
   5          WORKING-STORAGE  SECTION.
   6          78 FENCE         VALUE x'ABBAAB'.
   7          01 FILLER.
   8 >          05 FENCE-1     PIC XXX VALUE FENCE.
----                                         ^^^^^
   9            05 X-99        PIC 99    USAGE PACKED-DECIMAL.
  10            05 FENCE-2     PIC XXX VALUE FENCE.
>> Error: Invalid syntax

data_packed.at-432-prog.cob:10.37:
   7          01 FILLER.
   8            05 FENCE-1     PIC XXX VALUE FENCE.
   9            05 X-99        PIC 99    USAGE PACKED-DECIMAL.
  10 >          05 FENCE-2     PIC XXX VALUE FENCE.
----                                        ^
  11            05 X-S99       PIC S99   USAGE PACKED-DECIMAL.
  12            05 FENCE-3     PIC XXX VALUE FENCE.
>> Hint: Missing <literal>

data_packed.at-432-prog.cob:10.38-10.43:
   7          01 FILLER.
   8            05 FENCE-1     PIC XXX VALUE FENCE.
   9            05 X-99        PIC 99    USAGE PACKED-DECIMAL.
  10 >          05 FENCE-2     PIC XXX VALUE FENCE.
----                                         ^^^^^
  11            05 X-S99       PIC S99   USAGE PACKED-DECIMAL.
  12            05 FENCE-3     PIC XXX VALUE FENCE.
>> Error: Invalid syntax

data_packed.at-432-prog.cob:12.37:
   9            05 X-99        PIC 99    USAGE PACKED-DECIMAL.
  10            05 FENCE-2     PIC XXX VALUE FENCE.
  11            05 X-S99       PIC S99   USAGE PACKED-DECIMAL.
  12 >          05 FENCE-3     PIC XXX VALUE FENCE.
----                                        ^
  13            05 X-999       PIC 999   USAGE PACKED-DECIMAL.
  14            05 FENCE-4     PIC XXX VALUE FENCE.
>> Hint: Missing <literal>

data_packed.at-432-prog.cob:12.38-12.43:
   9            05 X-99        PIC 99    USAGE PACKED-DECIMAL.
  10            05 FENCE-2     PIC XXX VALUE FENCE.
  11            05 X-S99       PIC S99   USAGE PACKED-DECIMAL.
  12 >          05 FENCE-3     PIC XXX VALUE FENCE.
----                                         ^^^^^
  13            05 X-999       PIC 999   USAGE PACKED-DECIMAL.
  14            05 FENCE-4     PIC XXX VALUE FENCE.
>> Error: Invalid syntax

data_packed.at-432-prog.cob:14.37:
  11            05 X-S99       PIC S99   USAGE PACKED-DECIMAL.
  12            05 FENCE-3     PIC XXX VALUE FENCE.
  13            05 X-999       PIC 999   USAGE PACKED-DECIMAL.
  14 >          05 FENCE-4     PIC XXX VALUE FENCE.
----                                        ^
  15            05 X-S999      PIC S999  USAGE PACKED-DECIMAL.
  16            05 FENCE-5     PIC XXX VALUE FENCE.
>> Hint: Missing <literal>

data_packed.at-432-prog.cob:14.38-14.43:
  11            05 X-S99       PIC S99   USAGE PACKED-DECIMAL.
  12            05 FENCE-3     PIC XXX VALUE FENCE.
  13            05 X-999       PIC 999   USAGE PACKED-DECIMAL.
  14 >          05 FENCE-4     PIC XXX VALUE FENCE.
----                                         ^^^^^
  15            05 X-S999      PIC S999  USAGE PACKED-DECIMAL.
  16            05 FENCE-5     PIC XXX VALUE FENCE.
>> Error: Invalid syntax

data_packed.at-432-prog.cob:16.37:
  13            05 X-999       PIC 999   USAGE PACKED-DECIMAL.
  14            05 FENCE-4     PIC XXX VALUE FENCE.
  15            05 X-S999      PIC S999  USAGE PACKED-DECIMAL.
  16 >          05 FENCE-5     PIC XXX VALUE FENCE.
----                                        ^
  17            05 X-CALC      PIC S9(09)V9(09) USAGE PACKED-DECIMAL.
  18            05 FENCE-6     PIC XXX VALUE FENCE.
>> Hint: Missing <literal>

data_packed.at-432-prog.cob:16.38-16.43:
  13            05 X-999       PIC 999   USAGE PACKED-DECIMAL.
  14            05 FENCE-4     PIC XXX VALUE FENCE.
  15            05 X-S999      PIC S999  USAGE PACKED-DECIMAL.
  16 >          05 FENCE-5     PIC XXX VALUE FENCE.
----                                         ^^^^^
  17            05 X-CALC      PIC S9(09)V9(09) USAGE PACKED-DECIMAL.
  18            05 FENCE-6     PIC XXX VALUE FENCE.
>> Error: Invalid syntax

data_packed.at-432-prog.cob:18.37:
  15            05 X-S999      PIC S999  USAGE PACKED-DECIMAL.
  16            05 FENCE-5     PIC XXX VALUE FENCE.
  17            05 X-CALC      PIC S9(09)V9(09) USAGE PACKED-DECIMAL.
  18 >          05 FENCE-6     PIC XXX VALUE FENCE.
----                                        ^
  19          01 C-P234        PIC 999   VALUE 234.
  20          01 C-N234        PIC S999  VALUE -234.
>> Hint: Missing <literal>

data_packed.at-432-prog.cob:18.38-18.43:
  15            05 X-S999      PIC S999  USAGE PACKED-DECIMAL.
  16            05 FENCE-5     PIC XXX VALUE FENCE.
  17            05 X-CALC      PIC S9(09)V9(09) USAGE PACKED-DECIMAL.
  18 >          05 FENCE-6     PIC XXX VALUE FENCE.
----                                         ^^^^^
  19          01 C-P234        PIC 999   VALUE 234.
  20          01 C-N234        PIC S999  VALUE -234.
>> Error: Invalid syntax

Considering: import/gnucobol/tests/testsuite.src/data_packed.at:633:0
Considering: import/gnucobol/tests/testsuite.src/data_packed.at:819:0
Considering: import/gnucobol/tests/testsuite.src/data_packed.at:1020:0
Considering: import/gnucobol/tests/testsuite.src/data_packed.at:1052:0
Considering: import/gnucobol/tests/testsuite.src/data_packed.at:1181:0
data_packed.at-1181-prog.cob:8.37:
   5          WORKING-STORAGE  SECTION.
   6          78 FENCE         VALUE x'ABBAAB'.
   7          01 FILLER.
   8 >          05 FENCE-A     PIC XXX VALUE FENCE.
----                                        ^
   9            05 X           PIC  99    USAGE PACKED-DECIMAL VALUE 0.
  10            05 FENCE-B     PIC XXX VALUE FENCE.
>> Hint: Missing <literal>

data_packed.at-1181-prog.cob:8.38-8.43:
   5          WORKING-STORAGE  SECTION.
   6          78 FENCE         VALUE x'ABBAAB'.
   7          01 FILLER.
   8 >          05 FENCE-A     PIC XXX VALUE FENCE.
----                                         ^^^^^
   9            05 X           PIC  99    USAGE PACKED-DECIMAL VALUE 0.
  10            05 FENCE-B     PIC XXX VALUE FENCE.
>> Error: Invalid syntax

data_packed.at-1181-prog.cob:10.37:
   7          01 FILLER.
   8            05 FENCE-A     PIC XXX VALUE FENCE.
   9            05 X           PIC  99    USAGE PACKED-DECIMAL VALUE 0.
  10 >          05 FENCE-B     PIC XXX VALUE FENCE.
----                                        ^
  11            05 Y           PIC  99    USAGE PACKED-DECIMAL VALUE 9.
  12            05 Z           PIC s9(20) USAGE PACKED-DECIMAL VALUE -55.
>> Hint: Missing <literal>

data_packed.at-1181-prog.cob:10.38-10.43:
   7          01 FILLER.
   8            05 FENCE-A     PIC XXX VALUE FENCE.
   9            05 X           PIC  99    USAGE PACKED-DECIMAL VALUE 0.
  10 >          05 FENCE-B     PIC XXX VALUE FENCE.
----                                         ^^^^^
  11            05 Y           PIC  99    USAGE PACKED-DECIMAL VALUE 9.
  12            05 Z           PIC s9(20) USAGE PACKED-DECIMAL VALUE -55.
>> Error: Invalid syntax

data_packed.at-1181-prog.cob:14.37:
  11            05 Y           PIC  99    USAGE PACKED-DECIMAL VALUE 9.
  12            05 Z           PIC s9(20) USAGE PACKED-DECIMAL VALUE -55.
  13          01 FILLER.
  14 >          05 FENCE-1     PIC XXX VALUE FENCE.
----                                        ^
  15            05 X-9         PIC 9     USAGE COMP-6.
  16            05 FENCE-2     PIC XXX VALUE FENCE.
>> Hint: Missing <literal>

data_packed.at-1181-prog.cob:14.38-14.43:
  11            05 Y           PIC  99    USAGE PACKED-DECIMAL VALUE 9.
  12            05 Z           PIC s9(20) USAGE PACKED-DECIMAL VALUE -55.
  13          01 FILLER.
  14 >          05 FENCE-1     PIC XXX VALUE FENCE.
----                                         ^^^^^
  15            05 X-9         PIC 9     USAGE COMP-6.
  16            05 FENCE-2     PIC XXX VALUE FENCE.
>> Error: Invalid syntax

data_packed.at-1181-prog.cob:16.37:
  13          01 FILLER.
  14            05 FENCE-1     PIC XXX VALUE FENCE.
  15            05 X-9         PIC 9     USAGE COMP-6.
  16 >          05 FENCE-2     PIC XXX VALUE FENCE.
----                                        ^
  17            05 X-99        PIC 99    USAGE COMP-6.
  18            05 FENCE-3     PIC XXX VALUE FENCE.
>> Hint: Missing <literal>

data_packed.at-1181-prog.cob:16.38-16.43:
  13          01 FILLER.
  14            05 FENCE-1     PIC XXX VALUE FENCE.
  15            05 X-9         PIC 9     USAGE COMP-6.
  16 >          05 FENCE-2     PIC XXX VALUE FENCE.
----                                         ^^^^^
  17            05 X-99        PIC 99    USAGE COMP-6.
  18            05 FENCE-3     PIC XXX VALUE FENCE.
>> Error: Invalid syntax

data_packed.at-1181-prog.cob:18.37:
  15            05 X-9         PIC 9     USAGE COMP-6.
  16            05 FENCE-2     PIC XXX VALUE FENCE.
  17            05 X-99        PIC 99    USAGE COMP-6.
  18 >          05 FENCE-3     PIC XXX VALUE FENCE.
----                                        ^
  19            05 X-920       PIC 9(20) USAGE COMP-6.
  20            05 FENCE-4     PIC XXX VALUE FENCE.
>> Hint: Missing <literal>

data_packed.at-1181-prog.cob:18.38-18.43:
  15            05 X-9         PIC 9     USAGE COMP-6.
  16            05 FENCE-2     PIC XXX VALUE FENCE.
  17            05 X-99        PIC 99    USAGE COMP-6.
  18 >          05 FENCE-3     PIC XXX VALUE FENCE.
----                                         ^^^^^
  19            05 X-920       PIC 9(20) USAGE COMP-6.
  20            05 FENCE-4     PIC XXX VALUE FENCE.
>> Error: Invalid syntax

data_packed.at-1181-prog.cob:20.37:
  17            05 X-99        PIC 99    USAGE COMP-6.
  18            05 FENCE-3     PIC XXX VALUE FENCE.
  19            05 X-920       PIC 9(20) USAGE COMP-6.
  20 >          05 FENCE-4     PIC XXX VALUE FENCE.
----                                        ^
  21            05 X-921       PIC 9(21) USAGE COMP-6.
  22            05 FENCE-5     PIC XXX VALUE FENCE.
>> Hint: Missing <literal>

data_packed.at-1181-prog.cob:20.38-20.43:
  17            05 X-99        PIC 99    USAGE COMP-6.
  18            05 FENCE-3     PIC XXX VALUE FENCE.
  19            05 X-920       PIC 9(20) USAGE COMP-6.
  20 >          05 FENCE-4     PIC XXX VALUE FENCE.
----                                         ^^^^^
  21            05 X-921       PIC 9(21) USAGE COMP-6.
  22            05 FENCE-5     PIC XXX VALUE FENCE.
>> Error: Invalid syntax

data_packed.at-1181-prog.cob:22.37:
  19            05 X-920       PIC 9(20) USAGE COMP-6.
  20            05 FENCE-4     PIC XXX VALUE FENCE.
  21            05 X-921       PIC 9(21) USAGE COMP-6.
  22 >          05 FENCE-5     PIC XXX VALUE FENCE.
----                                        ^
  23          01 B-99          USAGE BINARY-LONG UNSIGNED VALUE 99.
  24          01 B-999         USAGE BINARY-LONG UNSIGNED VALUE 123.
>> Hint: Missing <literal>

data_packed.at-1181-prog.cob:22.38-22.43:
  19            05 X-920       PIC 9(20) USAGE COMP-6.
  20            05 FENCE-4     PIC XXX VALUE FENCE.
  21            05 X-921       PIC 9(21) USAGE COMP-6.
  22 >          05 FENCE-5     PIC XXX VALUE FENCE.
----                                         ^^^^^
  23          01 B-99          USAGE BINARY-LONG UNSIGNED VALUE 99.
  24          01 B-999         USAGE BINARY-LONG UNSIGNED VALUE 123.
>> Error: Invalid syntax

Considering: import/gnucobol/tests/testsuite.src/data_packed.at:1257:0
Considering: import/gnucobol/tests/testsuite.src/data_packed.at:1327:0
Considering: import/gnucobol/tests/testsuite.src/data_packed.at:1393:0
Considering: import/gnucobol/tests/testsuite.src/data_packed.at:1421:0
Considering: import/gnucobol/tests/testsuite.src/data_packed.at:1462:0
Considering: import/gnucobol/tests/testsuite.src/data_packed.at:1557:0
data_packed.at-1557-prog.cob:8.37:
   5          WORKING-STORAGE  SECTION.
   6          78 FENCE         VALUE x'ABBAAB'.
   7          01 FILLER.
   8 >          05 FENCE-1     PIC XXX VALUE FENCE.
----                                        ^
   9            05 X-9         PIC 9     USAGE COMP-6.
  10            05 FENCE-2     PIC XXX VALUE FENCE.
>> Hint: Missing <literal>

data_packed.at-1557-prog.cob:8.38-8.43:
   5          WORKING-STORAGE  SECTION.
   6          78 FENCE         VALUE x'ABBAAB'.
   7          01 FILLER.
   8 >          05 FENCE-1     PIC XXX VALUE FENCE.
----                                         ^^^^^
   9            05 X-9         PIC 9     USAGE COMP-6.
  10            05 FENCE-2     PIC XXX VALUE FENCE.
>> Error: Invalid syntax

data_packed.at-1557-prog.cob:10.37:
   7          01 FILLER.
   8            05 FENCE-1     PIC XXX VALUE FENCE.
   9            05 X-9         PIC 9     USAGE COMP-6.
  10 >          05 FENCE-2     PIC XXX VALUE FENCE.
----                                        ^
  11            05 X-99        PIC 99    USAGE COMP-6.
  12            05 FENCE-3     PIC XXX VALUE FENCE.
>> Hint: Missing <literal>

data_packed.at-1557-prog.cob:10.38-10.43:
   7          01 FILLER.
   8            05 FENCE-1     PIC XXX VALUE FENCE.
   9            05 X-9         PIC 9     USAGE COMP-6.
  10 >          05 FENCE-2     PIC XXX VALUE FENCE.
----                                         ^^^^^
  11            05 X-99        PIC 99    USAGE COMP-6.
  12            05 FENCE-3     PIC XXX VALUE FENCE.
>> Error: Invalid syntax

data_packed.at-1557-prog.cob:12.37:
   9            05 X-9         PIC 9     USAGE COMP-6.
  10            05 FENCE-2     PIC XXX VALUE FENCE.
  11            05 X-99        PIC 99    USAGE COMP-6.
  12 >          05 FENCE-3     PIC XXX VALUE FENCE.
----                                        ^
  13            05 X-920       PIC 9(20) USAGE COMP-6.
  14            05 FENCE-4     PIC XXX VALUE FENCE.
>> Hint: Missing <literal>

data_packed.at-1557-prog.cob:12.38-12.43:
   9            05 X-9         PIC 9     USAGE COMP-6.
  10            05 FENCE-2     PIC XXX VALUE FENCE.
  11            05 X-99        PIC 99    USAGE COMP-6.
  12 >          05 FENCE-3     PIC XXX VALUE FENCE.
----                                         ^^^^^
  13            05 X-920       PIC 9(20) USAGE COMP-6.
  14            05 FENCE-4     PIC XXX VALUE FENCE.
>> Error: Invalid syntax

data_packed.at-1557-prog.cob:14.37:
  11            05 X-99        PIC 99    USAGE COMP-6.
  12            05 FENCE-3     PIC XXX VALUE FENCE.
  13            05 X-920       PIC 9(20) USAGE COMP-6.
  14 >          05 FENCE-4     PIC XXX VALUE FENCE.
----                                        ^
  15            05 X-921       PIC 9(21) USAGE COMP-6.
  16            05 FENCE-5     PIC XXX VALUE FENCE.
>> Hint: Missing <literal>

data_packed.at-1557-prog.cob:14.38-14.43:
  11            05 X-99        PIC 99    USAGE COMP-6.
  12            05 FENCE-3     PIC XXX VALUE FENCE.
  13            05 X-920       PIC 9(20) USAGE COMP-6.
  14 >          05 FENCE-4     PIC XXX VALUE FENCE.
----                                         ^^^^^
  15            05 X-921       PIC 9(21) USAGE COMP-6.
  16            05 FENCE-5     PIC XXX VALUE FENCE.
>> Error: Invalid syntax

data_packed.at-1557-prog.cob:16.37:
  13            05 X-920       PIC 9(20) USAGE COMP-6.
  14            05 FENCE-4     PIC XXX VALUE FENCE.
  15            05 X-921       PIC 9(21) USAGE COMP-6.
  16 >          05 FENCE-5     PIC XXX VALUE FENCE.
----                                        ^
  17          01 B-99          USAGE BINARY-LONG UNSIGNED VALUE 99.
  18          01 B-999         USAGE BINARY-LONG UNSIGNED VALUE 123.
>> Hint: Missing <literal>

data_packed.at-1557-prog.cob:16.38-16.43:
  13            05 X-920       PIC 9(20) USAGE COMP-6.
  14            05 FENCE-4     PIC XXX VALUE FENCE.
  15            05 X-921       PIC 9(21) USAGE COMP-6.
  16 >          05 FENCE-5     PIC XXX VALUE FENCE.
----                                         ^^^^^
  17          01 B-99          USAGE BINARY-LONG UNSIGNED VALUE 99.
  18          01 B-999         USAGE BINARY-LONG UNSIGNED VALUE 123.
>> Error: Invalid syntax

Considering: import/gnucobol/tests/testsuite.src/data_packed.at:1603:0
Considering: import/gnucobol/tests/testsuite.src/data_packed.at:1659:0
Considering: import/gnucobol/tests/testsuite.src/data_packed.at:1959:0
Considering: import/gnucobol/tests/testsuite.src/data_packed.at:2063:0
data_packed.at-2063-prog.cob:8.42:
   5          WORKING-STORAGE  SECTION.
   6          78 FENCE         VALUE x'ABBAAB'.
   7          01 FILLER.
   8 >          05 FENCE-A          PIC XXX VALUE FENCE.
----                                             ^
   9            05 X-1  PIC 999PPP  COMP-6  VALUE 91000.
  10            05 FENCE-B          PIC XXX VALUE FENCE.
>> Hint: Missing <literal>

data_packed.at-2063-prog.cob:8.43-8.48:
   5          WORKING-STORAGE  SECTION.
   6          78 FENCE         VALUE x'ABBAAB'.
   7          01 FILLER.
   8 >          05 FENCE-A          PIC XXX VALUE FENCE.
----                                              ^^^^^
   9            05 X-1  PIC 999PPP  COMP-6  VALUE 91000.
  10            05 FENCE-B          PIC XXX VALUE FENCE.
>> Error: Invalid syntax

data_packed.at-2063-prog.cob:10.42:
   7          01 FILLER.
   8            05 FENCE-A          PIC XXX VALUE FENCE.
   9            05 X-1  PIC 999PPP  COMP-6  VALUE 91000.
  10 >          05 FENCE-B          PIC XXX VALUE FENCE.
----                                             ^
  11            05 X-2  PIC 999PPP  COMP-6  VALUE 92000.
  12            05 FENCE-C          PIC XXX VALUE FENCE.
>> Hint: Missing <literal>

data_packed.at-2063-prog.cob:10.43-10.48:
   7          01 FILLER.
   8            05 FENCE-A          PIC XXX VALUE FENCE.
   9            05 X-1  PIC 999PPP  COMP-6  VALUE 91000.
  10 >          05 FENCE-B          PIC XXX VALUE FENCE.
----                                              ^^^^^
  11            05 X-2  PIC 999PPP  COMP-6  VALUE 92000.
  12            05 FENCE-C          PIC XXX VALUE FENCE.
>> Error: Invalid syntax

data_packed.at-2063-prog.cob:12.42:
   9            05 X-1  PIC 999PPP  COMP-6  VALUE 91000.
  10            05 FENCE-B          PIC XXX VALUE FENCE.
  11            05 X-2  PIC 999PPP  COMP-6  VALUE 92000.
  12 >          05 FENCE-C          PIC XXX VALUE FENCE.
----                                             ^
  13            05 X-4  PIC VPPP999 COMP-6  VALUE 0.000128.
  14            05 FENCE-D          PIC XXX VALUE FENCE.
>> Hint: Missing <literal>

data_packed.at-2063-prog.cob:12.43-12.48:
   9            05 X-1  PIC 999PPP  COMP-6  VALUE 91000.
  10            05 FENCE-B          PIC XXX VALUE FENCE.
  11            05 X-2  PIC 999PPP  COMP-6  VALUE 92000.
  12 >          05 FENCE-C          PIC XXX VALUE FENCE.
----                                              ^^^^^
  13            05 X-4  PIC VPPP999 COMP-6  VALUE 0.000128.
  14            05 FENCE-D          PIC XXX VALUE FENCE.
>> Error: Invalid syntax

data_packed.at-2063-prog.cob:14.42:
  11            05 X-2  PIC 999PPP  COMP-6  VALUE 92000.
  12            05 FENCE-C          PIC XXX VALUE FENCE.
  13            05 X-4  PIC VPPP999 COMP-6  VALUE 0.000128.
  14 >          05 FENCE-D          PIC XXX VALUE FENCE.
----                                             ^
  15          01 FENCE-1            PIC XXX VALUE FENCE.
  16          01 D-1    PIC 999PPP  COMP-6  VALUE 95000.
>> Hint: Missing <literal>

data_packed.at-2063-prog.cob:14.43-14.48:
  11            05 X-2  PIC 999PPP  COMP-6  VALUE 92000.
  12            05 FENCE-C          PIC XXX VALUE FENCE.
  13            05 X-4  PIC VPPP999 COMP-6  VALUE 0.000128.
  14 >          05 FENCE-D          PIC XXX VALUE FENCE.
----                                              ^^^^^
  15          01 FENCE-1            PIC XXX VALUE FENCE.
  16          01 D-1    PIC 999PPP  COMP-6  VALUE 95000.
>> Error: Invalid syntax

data_packed.at-2063-prog.cob:15.42:
  12            05 FENCE-C          PIC XXX VALUE FENCE.
  13            05 X-4  PIC VPPP999 COMP-6  VALUE 0.000128.
  14            05 FENCE-D          PIC XXX VALUE FENCE.
  15 >        01 FENCE-1            PIC XXX VALUE FENCE.
----                                             ^
  16          01 D-1    PIC 999PPP  COMP-6  VALUE 95000.
  17          01 D-2    PIC 9999PP  COMP-6  VALUE 193000.
>> Hint: Missing <literal>

data_packed.at-2063-prog.cob:15.43-15.48:
  12            05 FENCE-C          PIC XXX VALUE FENCE.
  13            05 X-4  PIC VPPP999 COMP-6  VALUE 0.000128.
  14            05 FENCE-D          PIC XXX VALUE FENCE.
  15 >        01 FENCE-1            PIC XXX VALUE FENCE.
----                                              ^^^^^
  16          01 D-1    PIC 999PPP  COMP-6  VALUE 95000.
  17          01 D-2    PIC 9999PP  COMP-6  VALUE 193000.
>> Error: Invalid syntax

data_packed.at-2063-prog.cob:18.42:
  15          01 FENCE-1            PIC XXX VALUE FENCE.
  16          01 D-1    PIC 999PPP  COMP-6  VALUE 95000.
  17          01 D-2    PIC 9999PP  COMP-6  VALUE 193000.
  18 >        01 FENCE-2            PIC XXX VALUE FENCE.
----                                             ^
  19          01  WRK-DS-LS-1P17-1 PIC S9P(17) SIGN LEADING SEPARATE
  20              CHARACTER VALUE  -100000000000000000.
>> Hint: Missing <literal>

data_packed.at-2063-prog.cob:18.43-18.48:
  15          01 FENCE-1            PIC XXX VALUE FENCE.
  16          01 D-1    PIC 999PPP  COMP-6  VALUE 95000.
  17          01 D-2    PIC 9999PP  COMP-6  VALUE 193000.
  18 >        01 FENCE-2            PIC XXX VALUE FENCE.
----                                              ^^^^^
  19          01  WRK-DS-LS-1P17-1 PIC S9P(17) SIGN LEADING SEPARATE
  20              CHARACTER VALUE  -100000000000000000.
>> Error: Invalid syntax

data_packed.at-2063-prog.cob:36.22-36.28:
  33                 DISPLAY "MOVE AE-EDIT failed: " GRP-AE-0002 ".".
  34              MOVE WRK-DS-LS-1P17-1 TO WRK-AE-3.
  35              DISPLAY "MOVE 1P17: " WRK-DS-LS-1P17-1 " : "
  36 >                       LENGTH OF WRK-DS-LS-1P17-1 ".".
----                         ^^^^^^
  37              DISPLAY "MOVE A-E : " WRK-AE-3 ".".
  38              IF WRK-AE-3 NOT EQUAL TO "1 000/000/000/000/000 00"
>> Error: Invalid syntax

Considering: import/gnucobol/tests/testsuite.src/data_packed.at:2156:0
data_packed.at-2156-prog.cob:8.42:
   5          WORKING-STORAGE  SECTION.
   6          78 FENCE         VALUE x'ABBAAB'.
   7          01 FILLER.
   8 >          05 FENCE-A          PIC XXX VALUE FENCE.
----                                             ^
   9            05 X-1  PIC 999PPP  COMP-6  VALUE 91000.
  10            05 FENCE-B          PIC XXX VALUE FENCE.
>> Hint: Missing <literal>

data_packed.at-2156-prog.cob:8.43-8.48:
   5          WORKING-STORAGE  SECTION.
   6          78 FENCE         VALUE x'ABBAAB'.
   7          01 FILLER.
   8 >          05 FENCE-A          PIC XXX VALUE FENCE.
----                                              ^^^^^
   9            05 X-1  PIC 999PPP  COMP-6  VALUE 91000.
  10            05 FENCE-B          PIC XXX VALUE FENCE.
>> Error: Invalid syntax

data_packed.at-2156-prog.cob:10.42:
   7          01 FILLER.
   8            05 FENCE-A          PIC XXX VALUE FENCE.
   9            05 X-1  PIC 999PPP  COMP-6  VALUE 91000.
  10 >          05 FENCE-B          PIC XXX VALUE FENCE.
----                                             ^
  11            05 X-2  PIC 999PPP  COMP-6  VALUE 92000.
  12            05 FENCE-C          PIC XXX VALUE FENCE.
>> Hint: Missing <literal>

data_packed.at-2156-prog.cob:10.43-10.48:
   7          01 FILLER.
   8            05 FENCE-A          PIC XXX VALUE FENCE.
   9            05 X-1  PIC 999PPP  COMP-6  VALUE 91000.
  10 >          05 FENCE-B          PIC XXX VALUE FENCE.
----                                              ^^^^^
  11            05 X-2  PIC 999PPP  COMP-6  VALUE 92000.
  12            05 FENCE-C          PIC XXX VALUE FENCE.
>> Error: Invalid syntax

data_packed.at-2156-prog.cob:12.42:
   9            05 X-1  PIC 999PPP  COMP-6  VALUE 91000.
  10            05 FENCE-B          PIC XXX VALUE FENCE.
  11            05 X-2  PIC 999PPP  COMP-6  VALUE 92000.
  12 >          05 FENCE-C          PIC XXX VALUE FENCE.
----                                             ^
  13            05 X-4  PIC VPPP999 COMP-6  VALUE 0.000128.
  14            05 FENCE-D          PIC XXX VALUE FENCE.
>> Hint: Missing <literal>

data_packed.at-2156-prog.cob:12.43-12.48:
   9            05 X-1  PIC 999PPP  COMP-6  VALUE 91000.
  10            05 FENCE-B          PIC XXX VALUE FENCE.
  11            05 X-2  PIC 999PPP  COMP-6  VALUE 92000.
  12 >          05 FENCE-C          PIC XXX VALUE FENCE.
----                                              ^^^^^
  13            05 X-4  PIC VPPP999 COMP-6  VALUE 0.000128.
  14            05 FENCE-D          PIC XXX VALUE FENCE.
>> Error: Invalid syntax

data_packed.at-2156-prog.cob:14.42:
  11            05 X-2  PIC 999PPP  COMP-6  VALUE 92000.
  12            05 FENCE-C          PIC XXX VALUE FENCE.
  13            05 X-4  PIC VPPP999 COMP-6  VALUE 0.000128.
  14 >          05 FENCE-D          PIC XXX VALUE FENCE.
----                                             ^
  15          01 FENCE-1            PIC XXX VALUE FENCE.
  16          01 D-1    PIC 999PPP  COMP-6  VALUE 95000.
>> Hint: Missing <literal>

data_packed.at-2156-prog.cob:14.43-14.48:
  11            05 X-2  PIC 999PPP  COMP-6  VALUE 92000.
  12            05 FENCE-C          PIC XXX VALUE FENCE.
  13            05 X-4  PIC VPPP999 COMP-6  VALUE 0.000128.
  14 >          05 FENCE-D          PIC XXX VALUE FENCE.
----                                              ^^^^^
  15          01 FENCE-1            PIC XXX VALUE FENCE.
  16          01 D-1    PIC 999PPP  COMP-6  VALUE 95000.
>> Error: Invalid syntax

data_packed.at-2156-prog.cob:15.42:
  12            05 FENCE-C          PIC XXX VALUE FENCE.
  13            05 X-4  PIC VPPP999 COMP-6  VALUE 0.000128.
  14            05 FENCE-D          PIC XXX VALUE FENCE.
  15 >        01 FENCE-1            PIC XXX VALUE FENCE.
----                                             ^
  16          01 D-1    PIC 999PPP  COMP-6  VALUE 95000.
  17          01 D-2    PIC 9999PP  COMP-6  VALUE 193000.
>> Hint: Missing <literal>

data_packed.at-2156-prog.cob:15.43-15.48:
  12            05 FENCE-C          PIC XXX VALUE FENCE.
  13            05 X-4  PIC VPPP999 COMP-6  VALUE 0.000128.
  14            05 FENCE-D          PIC XXX VALUE FENCE.
  15 >        01 FENCE-1            PIC XXX VALUE FENCE.
----                                              ^^^^^
  16          01 D-1    PIC 999PPP  COMP-6  VALUE 95000.
  17          01 D-2    PIC 9999PP  COMP-6  VALUE 193000.
>> Error: Invalid syntax

data_packed.at-2156-prog.cob:18.42:
  15          01 FENCE-1            PIC XXX VALUE FENCE.
  16          01 D-1    PIC 999PPP  COMP-6  VALUE 95000.
  17          01 D-2    PIC 9999PP  COMP-6  VALUE 193000.
  18 >        01 FENCE-2            PIC XXX VALUE FENCE.
----                                             ^
  19          PROCEDURE        DIVISION.
  20              DISPLAY "INIT X-1 : " X-1 " .".
>> Hint: Missing <literal>

data_packed.at-2156-prog.cob:18.43-18.48:
  15          01 FENCE-1            PIC XXX VALUE FENCE.
  16          01 D-1    PIC 999PPP  COMP-6  VALUE 95000.
  17          01 D-2    PIC 9999PP  COMP-6  VALUE 193000.
  18 >        01 FENCE-2            PIC XXX VALUE FENCE.
----                                              ^^^^^
  19          PROCEDURE        DIVISION.
  20              DISPLAY "INIT X-1 : " X-1 " .".
>> Error: Invalid syntax

Considering: import/gnucobol/tests/testsuite.src/data_packed.at:2230:0
data_packed.at-2230-prog.cob:8.37:
   5          WORKING-STORAGE  SECTION.
   6          78 FENCE         VALUE x'ABBAAB'.
   7          01 FILLER.      
   8 >          05 FENCE-A     PIC XXX VALUE FENCE.
----                                        ^
   9            05 RESULT      PIC 9(03) PACKED-DECIMAL.
  10            05 FENCE-B     PIC XXX VALUE FENCE.
>> Hint: Missing <literal>

data_packed.at-2230-prog.cob:8.38-8.43:
   5          WORKING-STORAGE  SECTION.
   6          78 FENCE         VALUE x'ABBAAB'.
   7          01 FILLER.      
   8 >          05 FENCE-A     PIC XXX VALUE FENCE.
----                                         ^^^^^
   9            05 RESULT      PIC 9(03) PACKED-DECIMAL.
  10            05 FENCE-B     PIC XXX VALUE FENCE.
>> Error: Invalid syntax

data_packed.at-2230-prog.cob:10.37:
   7          01 FILLER.      
   8            05 FENCE-A     PIC XXX VALUE FENCE.
   9            05 RESULT      PIC 9(03) PACKED-DECIMAL.
  10 >          05 FENCE-B     PIC XXX VALUE FENCE.
----                                        ^
  11          PROCEDURE        DIVISION.
  12          MAIN.
>> Hint: Missing <literal>

data_packed.at-2230-prog.cob:10.38-10.43:
   7          01 FILLER.      
   8            05 FENCE-A     PIC XXX VALUE FENCE.
   9            05 RESULT      PIC 9(03) PACKED-DECIMAL.
  10 >          05 FENCE-B     PIC XXX VALUE FENCE.
----                                         ^^^^^
  11          PROCEDURE        DIVISION.
  12          MAIN.
>> Error: Invalid syntax

Considering: import/gnucobol/tests/testsuite.src/data_packed.at:7277:0
Considering: import/gnucobol/tests/testsuite.src/data_packed.at:12320:0
Considering: import/gnucobol/tests/testsuite.src/data_packed.at:20531:0
Considering: import/gnucobol/tests/testsuite.src/data_packed.at:28740:0
Considering: import/gnucobol/tests/testsuite.src/data_packed.at:28779:0
Considering: import/gnucobol/tests/testsuite.src/data_packed.at:34832:0
Considering: import/gnucobol/tests/testsuite.src/data_packed.at:40879:0
