Considering: import/gnucobol/tests/testsuite.src/run_functions.at:39:0
Considering: import/gnucobol/tests/testsuite.src/run_functions.at:74:0
Considering: import/gnucobol/tests/testsuite.src/run_functions.at:96:0
Considering: import/gnucobol/tests/testsuite.src/run_functions.at:135:0
Considering: import/gnucobol/tests/testsuite.src/run_functions.at:159:0
Considering: import/gnucobol/tests/testsuite.src/run_functions.at:213:0
Considering: import/gnucobol/tests/testsuite.src/run_functions.at:253:0
Considering: import/gnucobol/tests/testsuite.src/run_functions.at:278:0
Considering: import/gnucobol/tests/testsuite.src/run_functions.at:325:0
Considering: import/gnucobol/tests/testsuite.src/run_functions.at:353:0
Considering: import/gnucobol/tests/testsuite.src/run_functions.at:410:0
Considering: import/gnucobol/tests/testsuite.src/run_functions.at:541:0
Considering: import/gnucobol/tests/testsuite.src/run_functions.at:575:0
Considering: import/gnucobol/tests/testsuite.src/run_functions.at:650:0
Considering: import/gnucobol/tests/testsuite.src/run_functions.at:685:0
Considering: import/gnucobol/tests/testsuite.src/run_functions.at:710:0
Considering: import/gnucobol/tests/testsuite.src/run_functions.at:733:0
Considering: import/gnucobol/tests/testsuite.src/run_functions.at:804:0
Considering: import/gnucobol/tests/testsuite.src/run_functions.at:829:0
Considering: import/gnucobol/tests/testsuite.src/run_functions.at:854:0
Considering: import/gnucobol/tests/testsuite.src/run_functions.at:879:0
Considering: import/gnucobol/tests/testsuite.src/run_functions.at:904:0
Considering: import/gnucobol/tests/testsuite.src/run_functions.at:928:0
Considering: import/gnucobol/tests/testsuite.src/run_functions.at:962:0
Considering: import/gnucobol/tests/testsuite.src/run_functions.at:1050:0
Considering: import/gnucobol/tests/testsuite.src/run_functions.at:1003:0
Considering: import/gnucobol/tests/testsuite.src/run_functions.at:1049:0
Considering: import/gnucobol/tests/testsuite.src/run_functions.at:1085:0
Considering: import/gnucobol/tests/testsuite.src/run_functions.at:1120:0
Considering: import/gnucobol/tests/testsuite.src/run_functions.at:1145:0
Considering: import/gnucobol/tests/testsuite.src/run_functions.at:1170:0
Considering: import/gnucobol/tests/testsuite.src/run_functions.at:1195:0
Considering: import/gnucobol/tests/testsuite.src/run_functions.at:1223:0
Considering: import/gnucobol/tests/testsuite.src/run_functions.at:1286:0
Considering: import/gnucobol/tests/testsuite.src/run_functions.at:1311:0
Considering: import/gnucobol/tests/testsuite.src/run_functions.at:1368:0
Considering: import/gnucobol/tests/testsuite.src/run_functions.at:1394:0
Considering: import/gnucobol/tests/testsuite.src/run_functions.at:1481:0
Considering: import/gnucobol/tests/testsuite.src/run_functions.at:1512:0
Considering: import/gnucobol/tests/testsuite.src/run_functions.at:1537:0
Considering: import/gnucobol/tests/testsuite.src/run_functions.at:1568:0
Considering: import/gnucobol/tests/testsuite.src/run_functions.at:1636:0
Considering: import/gnucobol/tests/testsuite.src/run_functions.at:1669:0
Considering: import/gnucobol/tests/testsuite.src/run_functions.at:1694:0
Considering: import/gnucobol/tests/testsuite.src/run_functions.at:1719:0
Considering: import/gnucobol/tests/testsuite.src/run_functions.at:1769:0
Considering: import/gnucobol/tests/testsuite.src/run_functions.at:1795:0
Considering: import/gnucobol/tests/testsuite.src/run_functions.at:1877:0
Considering: import/gnucobol/tests/testsuite.src/run_functions.at:1907:0
Considering: import/gnucobol/tests/testsuite.src/run_functions.at:1931:0
Considering: import/gnucobol/tests/testsuite.src/run_functions.at:1957:0
Considering: import/gnucobol/tests/testsuite.src/run_functions.at:1983:0
Considering: import/gnucobol/tests/testsuite.src/run_functions.at:2009:0
Considering: import/gnucobol/tests/testsuite.src/run_functions.at:2033:0
Considering: import/gnucobol/tests/testsuite.src/run_functions.at:2061:0
Considering: import/gnucobol/tests/testsuite.src/run_functions.at:2087:0
Considering: import/gnucobol/tests/testsuite.src/run_functions.at:2140:0
Considering: import/gnucobol/tests/testsuite.src/run_functions.at:2160:0
Considering: import/gnucobol/tests/testsuite.src/run_functions.at:2182:0
Considering: import/gnucobol/tests/testsuite.src/run_functions.at:2204:0
Considering: import/gnucobol/tests/testsuite.src/run_functions.at:2226:0
Considering: import/gnucobol/tests/testsuite.src/run_functions.at:2248:0
Considering: import/gnucobol/tests/testsuite.src/run_functions.at:2280:0
Considering: import/gnucobol/tests/testsuite.src/run_functions.at:2311:0
Considering: import/gnucobol/tests/testsuite.src/run_functions.at:2344:0
Considering: import/gnucobol/tests/testsuite.src/run_functions.at:2345:0
Considering: import/gnucobol/tests/testsuite.src/run_functions.at:2370:0
Considering: import/gnucobol/tests/testsuite.src/run_functions.at:2395:0
Considering: import/gnucobol/tests/testsuite.src/run_functions.at:2416:0
Considering: import/gnucobol/tests/testsuite.src/run_functions.at:2441:0
Considering: import/gnucobol/tests/testsuite.src/run_functions.at:2462:0
Considering: import/gnucobol/tests/testsuite.src/run_functions.at:2487:0
Considering: import/gnucobol/tests/testsuite.src/run_functions.at:2510:0
Considering: import/gnucobol/tests/testsuite.src/run_functions.at:2533:0
Considering: import/gnucobol/tests/testsuite.src/run_functions.at:2556:0
Considering: import/gnucobol/tests/testsuite.src/run_functions.at:2579:0
Considering: import/gnucobol/tests/testsuite.src/run_functions.at:2652:0
Considering: import/gnucobol/tests/testsuite.src/run_functions.at:2713:0
Considering: import/gnucobol/tests/testsuite.src/run_functions.at:2741:0
Considering: import/gnucobol/tests/testsuite.src/run_functions.at:2776:0
Considering: import/gnucobol/tests/testsuite.src/run_functions.at:2796:0
Considering: import/gnucobol/tests/testsuite.src/run_functions.at:2817:0
Considering: import/gnucobol/tests/testsuite.src/run_functions.at:2838:0
Considering: import/gnucobol/tests/testsuite.src/run_functions.at:2861:0
Considering: import/gnucobol/tests/testsuite.src/run_functions.at:2881:0
Considering: import/gnucobol/tests/testsuite.src/run_functions.at:2904:0
Considering: import/gnucobol/tests/testsuite.src/run_functions.at:2926:0
Considering: import/gnucobol/tests/testsuite.src/run_functions.at:2948:0
Considering: import/gnucobol/tests/testsuite.src/run_functions.at:2975:0
Considering: import/gnucobol/tests/testsuite.src/run_functions.at:2998:0
Considering: import/gnucobol/tests/testsuite.src/run_functions.at:3021:0
Considering: import/gnucobol/tests/testsuite.src/run_functions.at:3076:0
Considering: import/gnucobol/tests/testsuite.src/run_functions.at:3098:0
Considering: import/gnucobol/tests/testsuite.src/run_functions.at:3142:0
Considering: import/gnucobol/tests/testsuite.src/run_functions.at:3164:0
Considering: import/gnucobol/tests/testsuite.src/run_functions.at:3186:0
Considering: import/gnucobol/tests/testsuite.src/run_functions.at:3208:0
Considering: import/gnucobol/tests/testsuite.src/run_functions.at:3232:0
Considering: import/gnucobol/tests/testsuite.src/run_functions.at:3259:0
Considering: import/gnucobol/tests/testsuite.src/run_functions.at:3285:0
Considering: import/gnucobol/tests/testsuite.src/run_functions.at:3310:0
Considering: import/gnucobol/tests/testsuite.src/run_functions.at:3336:0
Considering: import/gnucobol/tests/testsuite.src/run_functions.at:3358:0
Considering: import/gnucobol/tests/testsuite.src/run_functions.at:3380:0
Considering: import/gnucobol/tests/testsuite.src/run_functions.at:3401:0
Considering: import/gnucobol/tests/testsuite.src/run_functions.at:3423:0
Considering: import/gnucobol/tests/testsuite.src/run_functions.at:3525:0
Considering: import/gnucobol/tests/testsuite.src/run_functions.at:3606:0
Considering: import/gnucobol/tests/testsuite.src/run_functions.at:3659:0
Considering: import/gnucobol/tests/testsuite.src/run_functions.at:3700:0
Considering: import/gnucobol/tests/testsuite.src/run_functions.at:3851:0
Considering: import/gnucobol/tests/testsuite.src/run_functions.at:3951:0
Considering: import/gnucobol/tests/testsuite.src/run_functions.at:4051:0
Considering: import/gnucobol/tests/testsuite.src/run_functions.at:4074:0
Considering: import/gnucobol/tests/testsuite.src/run_functions.at:4100:0
Considering: import/gnucobol/tests/testsuite.src/run_functions.at:4127:0
Considering: import/gnucobol/tests/testsuite.src/run_functions.at:4155:0
Considering: import/gnucobol/tests/testsuite.src/run_functions.at:4180:0
Considering: import/gnucobol/tests/testsuite.src/run_functions.at:4210:0
Considering: import/gnucobol/tests/testsuite.src/run_functions.at:4264:0
Considering: import/gnucobol/tests/testsuite.src/run_functions.at:4288:0
Considering: import/gnucobol/tests/testsuite.src/run_functions.at:4358:0
Considering: import/gnucobol/tests/testsuite.src/run_functions.at:4407:0
Considering: import/gnucobol/tests/testsuite.src/run_functions.at:4428:0
Considering: import/gnucobol/tests/testsuite.src/run_functions.at:4449:0
Considering: import/gnucobol/tests/testsuite.src/run_functions.at:4502:0
run_functions.at-4502-prog.cob:9.11-9.14:
   6          01 PAR-IN        PIC 9.
   7          01 PAR-OUT       PIC 9.
   8          PROCEDURE DIVISION USING PAR-IN RETURNING PAR-OUT.
   9 >            ADD 1 TO PAR-IN GIVING PAR-OUT END-ADD.
----              ^^^
  10              GOBACK.
  11          END FUNCTION WITHPAR.
>> Error: Invalid syntax

run_functions.at-4502-prog.cob:9.16:
   6          01 PAR-IN        PIC 9.
   7          01 PAR-OUT       PIC 9.
   8          PROCEDURE DIVISION USING PAR-IN RETURNING PAR-OUT.
   9 >            ADD 1 TO PAR-IN GIVING PAR-OUT END-ADD.
----                   ^
  10              GOBACK.
  11          END FUNCTION WITHPAR.
>> Hint: Missing .

run_functions.at-4502-prog.cob:9.17-9.19:
   6          01 PAR-IN        PIC 9.
   7          01 PAR-OUT       PIC 9.
   8          PROCEDURE DIVISION USING PAR-IN RETURNING PAR-OUT.
   9 >            ADD 1 TO PAR-IN GIVING PAR-OUT END-ADD.
----                    ^^
  10              GOBACK.
  11          END FUNCTION WITHPAR.
>> Warning: Invalid syntax

run_functions.at-4502-prog.cob:9.26:
   6          01 PAR-IN        PIC 9.
   7          01 PAR-OUT       PIC 9.
   8          PROCEDURE DIVISION USING PAR-IN RETURNING PAR-OUT.
   9 >            ADD 1 TO PAR-IN GIVING PAR-OUT END-ADD.
----                             ^
  10              GOBACK.
  11          END FUNCTION WITHPAR.
>> Hint: Missing .

run_functions.at-4502-prog.cob:9.27-9.33:
   6          01 PAR-IN        PIC 9.
   7          01 PAR-OUT       PIC 9.
   8          PROCEDURE DIVISION USING PAR-IN RETURNING PAR-OUT.
   9 >            ADD 1 TO PAR-IN GIVING PAR-OUT END-ADD.
----                              ^^^^^^
  10              GOBACK.
  11          END FUNCTION WITHPAR.
>> Warning: Invalid syntax

run_functions.at-4502-prog.cob:9.42-9.49:
   6          01 PAR-IN        PIC 9.
   7          01 PAR-OUT       PIC 9.
   8          PROCEDURE DIVISION USING PAR-IN RETURNING PAR-OUT.
   9 >            ADD 1 TO PAR-IN GIVING PAR-OUT END-ADD.
----                                             ^^^^^^^
  10              GOBACK.
  11          END FUNCTION WITHPAR.
>> Error: Invalid syntax

run_functions.at-4502-prog.cob:19.11-19.15:
  16          LINKAGE          SECTION.
  17          01 PAR           PIC 9.
  18          PROCEDURE DIVISION RETURNING PAR.
  19 >            MOVE 1 TO PAR.
----              ^^^^
  20              GOBACK.
  21          END FUNCTION WITHOUTPAR.
>> Error: Invalid syntax

run_functions.at-4502-prog.cob:19.17:
  16          LINKAGE          SECTION.
  17          01 PAR           PIC 9.
  18          PROCEDURE DIVISION RETURNING PAR.
  19 >            MOVE 1 TO PAR.
----                    ^
  20              GOBACK.
  21          END FUNCTION WITHOUTPAR.
>> Hint: Missing .

run_functions.at-4502-prog.cob:19.18-19.20:
  16          LINKAGE          SECTION.
  17          01 PAR           PIC 9.
  18          PROCEDURE DIVISION RETURNING PAR.
  19 >            MOVE 1 TO PAR.
----                     ^^
  20              GOBACK.
  21          END FUNCTION WITHOUTPAR.
>> Warning: Invalid syntax

Considering: import/gnucobol/tests/testsuite.src/run_functions.at:4543:0
run_functions.at-4543-prog.cob:10.11-10.15:
   7          01  num PIC 999.
   8   
   9          PROCEDURE DIVISION RETURNING num.
  10 >            MOVE 100 TO num
----              ^^^^
  11              .
  12          END FUNCTION func.
>> Error: Invalid syntax

run_functions.at-4543-prog.cob:10.19:
   7          01  num PIC 999.
   8   
   9          PROCEDURE DIVISION RETURNING num.
  10 >            MOVE 100 TO num
----                      ^
  11              .
  12          END FUNCTION func.
>> Hint: Missing .

run_functions.at-4543-prog.cob:10.20-10.22:
   7          01  num PIC 999.
   8   
   9          PROCEDURE DIVISION RETURNING num.
  10 >            MOVE 100 TO num
----                       ^^
  11              .
  12          END FUNCTION func.
>> Warning: Invalid syntax

Considering: import/gnucobol/tests/testsuite.src/run_functions.at:4585:0
run_functions.at-4585-prog.cob:12.11-12.15:
   9          01  func-out PIC X(15).
  10   
  11          PROCEDURE DIVISION USING func-in, func-sub RETURNING func-out.
  12 >            MOVE func-in TO func-out
----              ^^^^
  13              INSPECT func-out REPLACING ALL '%' BY func-sub
  14              .
>> Error: Invalid syntax

run_functions.at-4585-prog.cob:12.23:
   9          01  func-out PIC X(15).
  10   
  11          PROCEDURE DIVISION USING func-in, func-sub RETURNING func-out.
  12 >            MOVE func-in TO func-out
----                          ^
  13              INSPECT func-out REPLACING ALL '%' BY func-sub
  14              .
>> Hint: Missing .

run_functions.at-4585-prog.cob:12.24-12.26:
   9          01  func-out PIC X(15).
  10   
  11          PROCEDURE DIVISION USING func-in, func-sub RETURNING func-out.
  12 >            MOVE func-in TO func-out
----                           ^^
  13              INSPECT func-out REPLACING ALL '%' BY func-sub
  14              .
>> Warning: Invalid syntax

run_functions.at-4585-prog.cob:12.35:
   9          01  func-out PIC X(15).
  10   
  11          PROCEDURE DIVISION USING func-in, func-sub RETURNING func-out.
  12 >            MOVE func-in TO func-out
----                                      ^
  13              INSPECT func-out REPLACING ALL '%' BY func-sub
  14              .
>> Hint: Missing .

run_functions.at-4585-prog.cob:13.11-13.18:
  10   
  11          PROCEDURE DIVISION USING func-in, func-sub RETURNING func-out.
  12              MOVE func-in TO func-out
  13 >            INSPECT func-out REPLACING ALL '%' BY func-sub
----              ^^^^^^^
  14              .
  15          END FUNCTION SUBSTITUTE.
>> Warning: Invalid syntax

Considering: import/gnucobol/tests/testsuite.src/run_functions.at:4648:0
run_functions.at-4648-prog.cob:17.11-17.13:
  14          01  ret PIC 9.
  15   
  16          PROCEDURE DIVISION USING arg RETURNING ret.
  17 >            IF arg < 5
----              ^^
  18                 ADD 1 TO arg GIVING num END-ADD
  19                 MOVE FUNCTION foo (num) TO ret
>> Error: Invalid syntax

run_functions.at-4648-prog.cob:17.17:
  14          01  ret PIC 9.
  15   
  16          PROCEDURE DIVISION USING arg RETURNING ret.
  17 >            IF arg < 5
----                    ^
  18                 ADD 1 TO arg GIVING num END-ADD
  19                 MOVE FUNCTION foo (num) TO ret
>> Hint: Missing .

run_functions.at-4648-prog.cob:17.18-17.19:
  14          01  ret PIC 9.
  15   
  16          PROCEDURE DIVISION USING arg RETURNING ret.
  17 >            IF arg < 5
----                     ^
  18                 ADD 1 TO arg GIVING num END-ADD
  19                 MOVE FUNCTION foo (num) TO ret
>> Warning: Invalid syntax

run_functions.at-4648-prog.cob:17.21:
  14          01  ret PIC 9.
  15   
  16          PROCEDURE DIVISION USING arg RETURNING ret.
  17 >            IF arg < 5
----                        ^
  18                 ADD 1 TO arg GIVING num END-ADD
  19                 MOVE FUNCTION foo (num) TO ret
>> Hint: Missing .

run_functions.at-4648-prog.cob:18.14-18.17:
  15   
  16          PROCEDURE DIVISION USING arg RETURNING ret.
  17              IF arg < 5
  18 >               ADD 1 TO arg GIVING num END-ADD
----                 ^^^
  19                 MOVE FUNCTION foo (num) TO ret
  20              ELSE
>> Warning: Invalid syntax

run_functions.at-4648-prog.cob:20.11-20.15:
  17              IF arg < 5
  18                 ADD 1 TO arg GIVING num END-ADD
  19                 MOVE FUNCTION foo (num) TO ret
  20 >            ELSE
----              ^^^^
  21                 MOVE arg TO ret
  22              END-IF
>> Error: Invalid syntax

run_functions.at-4648-prog.cob:22.11-22.17:
  19                 MOVE FUNCTION foo (num) TO ret
  20              ELSE
  21                 MOVE arg TO ret
  22 >            END-IF
----              ^^^^^^
  23              DISPLAY "Step: " ttl ", Arg: " arg ", Return: " ret
  24              END-DISPLAY
>> Error: Invalid syntax

