Considering: import/gnucobol/tests/testsuite.src/run_fundamental.at:50:0
Considering: import/gnucobol/tests/testsuite.src/run_fundamental.at:92:0
Considering: import/gnucobol/tests/testsuite.src/run_fundamental.at:137:0
run_fundamental.at-137-dump.c:5.6-5.7:
   2   #include <stdio.h>
   3   #include <libcob.h>
   4   
   5 > COB_EXT_EXPORT int
----         ^
   6   dump (unsigned char *data)
   7   {
>> Error: Unexpected indicator: `T'

run_fundamental.at-137-dump.c:5.7-5.8:
   2   #include <stdio.h>
   3   #include <libcob.h>
   4   
   5 > COB_EXT_EXPORT int
----          ^
   6   dump (unsigned char *data)
   7   {
>> Error: Invalid syntax

run_fundamental.at-137-dump.c:6.6-6.7:
   3   #include <libcob.h>
   4   
   5   COB_EXT_EXPORT int
   6 > dump (unsigned char *data)
----         ^
   7   {
   8     int i;
>> Error: Unexpected indicator: `u'

run_fundamental.at-137-dump.c:8.6-8.7:
   5   COB_EXT_EXPORT int
   6   dump (unsigned char *data)
   7   {
   8 >   int i;
----         ^
   9     for (i = 0; i < 4; i++)
  10       printf ("%02x", data[i]);
>> Error: Unexpected indicator: `i'

run_fundamental.at-137-dump.c:9.6-9.7:
   6   dump (unsigned char *data)
   7   {
   8     int i;
   9 >   for (i = 0; i < 4; i++)
----         ^
  10       printf ("%02x", data[i]);
  11     return 0;
>> Error: Unexpected indicator: `('

run_fundamental.at-137-dump.c:10.6-10.7:
   7   {
   8     int i;
   9     for (i = 0; i < 4; i++)
  10 >     printf ("%02x", data[i]);
----         ^
  11     return 0;
  12   }
>> Error: Unexpected indicator: `i'

run_fundamental.at-137-dump.c:11.6-11.7:
   8     int i;
   9     for (i = 0; i < 4; i++)
  10       printf ("%02x", data[i]);
  11 >   return 0;
----         ^
  12   }
>> Error: Unexpected indicator: `r'

Considering: import/gnucobol/tests/testsuite.src/run_fundamental.at:138:0
Considering: import/gnucobol/tests/testsuite.src/run_fundamental.at:179:0
Considering: import/gnucobol/tests/testsuite.src/run_fundamental.at:233:0
Considering: import/gnucobol/tests/testsuite.src/run_fundamental.at:284:0
Considering: import/gnucobol/tests/testsuite.src/run_fundamental.at:333:0
Considering: import/gnucobol/tests/testsuite.src/run_fundamental.at:444:0
Considering: import/gnucobol/tests/testsuite.src/run_fundamental.at:475:0
Considering: import/gnucobol/tests/testsuite.src/run_fundamental.at:518:0
Considering: import/gnucobol/tests/testsuite.src/run_fundamental.at:547:0
Considering: import/gnucobol/tests/testsuite.src/run_fundamental.at:614:0
Considering: import/gnucobol/tests/testsuite.src/run_fundamental.at:737:0
Considering: import/gnucobol/tests/testsuite.src/run_fundamental.at:868:0
Considering: import/gnucobol/tests/testsuite.src/run_fundamental.at:904:0
Considering: import/gnucobol/tests/testsuite.src/run_fundamental.at:951:0
Considering: import/gnucobol/tests/testsuite.src/run_fundamental.at:952:0
Considering: import/gnucobol/tests/testsuite.src/run_fundamental.at:988:0
Considering: import/gnucobol/tests/testsuite.src/run_fundamental.at:1032:0
Considering: import/gnucobol/tests/testsuite.src/run_fundamental.at:1033:0
Considering: import/gnucobol/tests/testsuite.src/run_fundamental.at:1065:0
Considering: import/gnucobol/tests/testsuite.src/run_fundamental.at:1097:0
Considering: import/gnucobol/tests/testsuite.src/run_fundamental.at:1129:0
Considering: import/gnucobol/tests/testsuite.src/run_fundamental.at:1174:0
Considering: import/gnucobol/tests/testsuite.src/run_fundamental.at:1223:0
Considering: import/gnucobol/tests/testsuite.src/run_fundamental.at:1306:0
Considering: import/gnucobol/tests/testsuite.src/run_fundamental.at:1390:0
run_fundamental.at-1390-prog.cob:7.11-7.15:
   4          LINKAGE SECTION.
   5          01 r BINARY-LONG.
   6          PROCEDURE DIVISION RETURNING r.
   7 >            move 1 to r
----              ^^^^
   8              GOBACK
   9              .
>> Error: Invalid syntax

run_fundamental.at-1390-prog.cob:7.17:
   4          LINKAGE SECTION.
   5          01 r BINARY-LONG.
   6          PROCEDURE DIVISION RETURNING r.
   7 >            move 1 to r
----                    ^
   8              GOBACK
   9              .
>> Hint: Missing .

run_fundamental.at-1390-prog.cob:7.18-7.20:
   4          LINKAGE SECTION.
   5          01 r BINARY-LONG.
   6          PROCEDURE DIVISION RETURNING r.
   7 >            move 1 to r
----                     ^^
   8              GOBACK
   9              .
>> Warning: Invalid syntax

run_fundamental.at-1390-prog.cob:7.22:
   4          LINKAGE SECTION.
   5          01 r BINARY-LONG.
   6          PROCEDURE DIVISION RETURNING r.
   7 >            move 1 to r
----                         ^
   8              GOBACK
   9              .
>> Hint: Missing .

run_fundamental.at-1390-prog.cob:8.11-8.17:
   5          01 r BINARY-LONG.
   6          PROCEDURE DIVISION RETURNING r.
   7              move 1 to r
   8 >            GOBACK
----              ^^^^^^
   9              .
  10          END FUNCTION f1.
>> Warning: Invalid syntax

run_fundamental.at-1390-prog.cob:17.11-17.14:
  14          01 i BINARY-LONG.
  15          01 r BINARY-LONG.
  16          PROCEDURE DIVISION USING i RETURNING r.
  17 >            add i to i giving r
----              ^^^
  18              GOBACK
  19              .
>> Error: Invalid syntax

run_fundamental.at-1390-prog.cob:17.16:
  14          01 i BINARY-LONG.
  15          01 r BINARY-LONG.
  16          PROCEDURE DIVISION USING i RETURNING r.
  17 >            add i to i giving r
----                   ^
  18              GOBACK
  19              .
>> Hint: Missing .

run_fundamental.at-1390-prog.cob:17.17-17.19:
  14          01 i BINARY-LONG.
  15          01 r BINARY-LONG.
  16          PROCEDURE DIVISION USING i RETURNING r.
  17 >            add i to i giving r
----                    ^^
  18              GOBACK
  19              .
>> Warning: Invalid syntax

run_fundamental.at-1390-prog.cob:17.21:
  14          01 i BINARY-LONG.
  15          01 r BINARY-LONG.
  16          PROCEDURE DIVISION USING i RETURNING r.
  17 >            add i to i giving r
----                        ^
  18              GOBACK
  19              .
>> Hint: Missing .

run_fundamental.at-1390-prog.cob:17.22-17.28:
  14          01 i BINARY-LONG.
  15          01 r BINARY-LONG.
  16          PROCEDURE DIVISION USING i RETURNING r.
  17 >            add i to i giving r
----                         ^^^^^^
  18              GOBACK
  19              .
>> Warning: Invalid syntax

run_fundamental.at-1390-prog.cob:17.30:
  14          01 i BINARY-LONG.
  15          01 r BINARY-LONG.
  16          PROCEDURE DIVISION USING i RETURNING r.
  17 >            add i to i giving r
----                                 ^
  18              GOBACK
  19              .
>> Hint: Missing .

run_fundamental.at-1390-prog.cob:18.11-18.17:
  15          01 r BINARY-LONG.
  16          PROCEDURE DIVISION USING i RETURNING r.
  17              add i to i giving r
  18 >            GOBACK
----              ^^^^^^
  19              .
  20          END FUNCTION f2.
>> Warning: Invalid syntax

run_fundamental.at-1390-prog.cob:29.7-29.20:
  26          REPOSITORY.
  27              FUNCTION f1
  28              FUNCTION f2.
  29 >        SPECIAL-NAMES.
----          ^^^^^^^^^^^^^
  30              CURRENCY SIGN IS "Y"
  31              DECIMAL-POINT IS COMMA.
>> Error: Invalid syntax

run_fundamental.at-1390-prog.cob:45.19-45.20:
  42          77  curr  PIC 9.9999,99Y.
  43   
  44          PROCEDURE DIVISION.
  45 >            MOVE f1()   TO n1
----                      ^
  46              IF n1 NOT = 1
  47                DISPLAY "ERROR 1" GOBACK
>> Error: Invalid syntax

run_fundamental.at-1390-prog.cob:45.19:
  42          77  curr  PIC 9.9999,99Y.
  43   
  44          PROCEDURE DIVISION.
  45 >            MOVE f1()   TO n1
----                      ^
  46              IF n1 NOT = 1
  47                DISPLAY "ERROR 1" GOBACK
>> Hint: Missing <subscript>

run_fundamental.at-1390-prog.cob:53.19-53.20:
  50              IF n1 NOT = 2
  51                DISPLAY "ERROR 2" GOBACK
  52              END-IF
  53 >            MOVE f1()   TO n1
----                      ^
  54              IF n1 NOT = 1
  55                DISPLAY "ERROR 1 2nd" GOBACK
>> Error: Invalid syntax

run_fundamental.at-1390-prog.cob:53.19:
  50              IF n1 NOT = 2
  51                DISPLAY "ERROR 2" GOBACK
  52              END-IF
  53 >            MOVE f1()   TO n1
----                      ^
  54              IF n1 NOT = 1
  55                DISPLAY "ERROR 1 2nd" GOBACK
>> Hint: Missing <subscript>

Considering: import/gnucobol/tests/testsuite.src/run_fundamental.at:1412:0
Considering: import/gnucobol/tests/testsuite.src/run_fundamental.at:1494:0
run_fundamental.at-1494-prog.cob:12.11-12.15:
   9          01 result.
  10             05 filler PIC X OCCURS 0 to 999 DEPENDING ON arg-len.
  11          PROCEDURE DIVISION USING BY REFERENCE argument RETURNING result.
  12 >            MOVE FUNCTION LENGTH (argument) TO arg-len
----              ^^^^
  13              MOVE argument TO result.
  14          END FUNCTION reply.
>> Error: Invalid syntax

run_fundamental.at-1494-prog.cob:12.41-12.42:
   9          01 result.
  10             05 filler PIC X OCCURS 0 to 999 DEPENDING ON arg-len.
  11          PROCEDURE DIVISION USING BY REFERENCE argument RETURNING result.
  12 >            MOVE FUNCTION LENGTH (argument) TO arg-len
----                                            ^
  13              MOVE argument TO result.
  14          END FUNCTION reply.
>> Warning: Invalid syntax

run_fundamental.at-1494-prog.cob:12.41:
   9          01 result.
  10             05 filler PIC X OCCURS 0 to 999 DEPENDING ON arg-len.
  11          PROCEDURE DIVISION USING BY REFERENCE argument RETURNING result.
  12 >            MOVE FUNCTION LENGTH (argument) TO arg-len
----                                            ^
  13              MOVE argument TO result.
  14          END FUNCTION reply.
>> Hint: Missing .

run_fundamental.at-1494-prog.cob:12.53:
   9          01 result.
  10             05 filler PIC X OCCURS 0 to 999 DEPENDING ON arg-len.
  11          PROCEDURE DIVISION USING BY REFERENCE argument RETURNING result.
  12 >            MOVE FUNCTION LENGTH (argument) TO arg-len
----                                                        ^
  13              MOVE argument TO result.
  14          END FUNCTION reply.
>> Hint: Missing .

run_fundamental.at-1494-prog.cob:13.11-13.15:
  10             05 filler PIC X OCCURS 0 to 999 DEPENDING ON arg-len.
  11          PROCEDURE DIVISION USING BY REFERENCE argument RETURNING result.
  12              MOVE FUNCTION LENGTH (argument) TO arg-len
  13 >            MOVE argument TO result.
----              ^^^^
  14          END FUNCTION reply.
  15   
>> Warning: Invalid syntax

Considering: import/gnucobol/tests/testsuite.src/run_fundamental.at:1526:0
Considering: import/gnucobol/tests/testsuite.src/run_fundamental.at:1525:0
Considering: import/gnucobol/tests/testsuite.src/run_fundamental.at:1558:0
run_fundamental.at-1558-module.c:5.6-5.7:
   2   #include <stdio.h>
   3   #include <libcob.h>
   4   
   5 > COB_EXT_EXPORT int
----         ^
   6   some (void)
   7   {
>> Error: Unexpected indicator: `T'

run_fundamental.at-1558-module.c:5.7-5.8:
   2   #include <stdio.h>
   3   #include <libcob.h>
   4   
   5 > COB_EXT_EXPORT int
----          ^
   6   some (void)
   7   {
>> Error: Invalid syntax

run_fundamental.at-1558-module.c:6.6-6.7:
   3   #include <libcob.h>
   4   
   5   COB_EXT_EXPORT int
   6 > some (void)
----         ^
   7   {
   8     return 0;
>> Error: Unexpected indicator: `v'

run_fundamental.at-1558-module.c:8.6-8.7:
   5   COB_EXT_EXPORT int
   6   some (void)
   7   {
   8 >   return 0;
----         ^
   9   }
>> Error: Unexpected indicator: `r'

Considering: import/gnucobol/tests/testsuite.src/run_fundamental.at:1557:0
Considering: import/gnucobol/tests/testsuite.src/run_fundamental.at:1617:0
Considering: import/gnucobol/tests/testsuite.src/run_fundamental.at:1670:0
Considering: import/gnucobol/tests/testsuite.src/run_fundamental.at:1723:0
Considering: import/gnucobol/tests/testsuite.src/run_fundamental.at:1777:0
Considering: import/gnucobol/tests/testsuite.src/run_fundamental.at:1856:0
Considering: import/gnucobol/tests/testsuite.src/run_fundamental.at:1956:0
run_fundamental.at-1956-prog.cob:60.50:
  57   
  58          DATA            DIVISION.
  59          WORKING-STORAGE SECTION.
  60 >        77  self-ptr    USAGE PROGRAM-POINTER VALUE NULL.
----                                                     ^
  61          01  x           PIC 9 VALUE 1.
  62   
>> Hint: Missing <literal>

run_fundamental.at-1956-prog.cob:60.51-60.55:
  57   
  58          DATA            DIVISION.
  59          WORKING-STORAGE SECTION.
  60 >        77  self-ptr    USAGE PROGRAM-POINTER VALUE NULL.
----                                                      ^^^^
  61          01  x           PIC 9 VALUE 1.
  62   
>> Error: Invalid syntax

Considering: import/gnucobol/tests/testsuite.src/run_fundamental.at:2060:0
run_fundamental.at-2060-prog.cob:28.50:
  25              .
  26          DATA            DIVISION.
  27          WORKING-STORAGE SECTION.
  28 >        77  prog-ptr    USAGE PROGRAM-POINTER VALUE NULL.
----                                                     ^
  29          01  num         PIC 9 VALUE 0.
  30   
>> Hint: Missing <literal>

run_fundamental.at-2060-prog.cob:28.51-28.55:
  25              .
  26          DATA            DIVISION.
  27          WORKING-STORAGE SECTION.
  28 >        77  prog-ptr    USAGE PROGRAM-POINTER VALUE NULL.
----                                                      ^^^^
  29          01  num         PIC 9 VALUE 0.
  30   
>> Error: Invalid syntax

Considering: import/gnucobol/tests/testsuite.src/run_fundamental.at:2119:0
Considering: import/gnucobol/tests/testsuite.src/run_fundamental.at:2170:0
Considering: import/gnucobol/tests/testsuite.src/run_fundamental.at:2219:0
Considering: import/gnucobol/tests/testsuite.src/run_fundamental.at:2271:0
Considering: import/gnucobol/tests/testsuite.src/run_fundamental.at:2293:0
Considering: import/gnucobol/tests/testsuite.src/run_fundamental.at:2329:0
Considering: import/gnucobol/tests/testsuite.src/run_fundamental.at:2330:0
Considering: import/gnucobol/tests/testsuite.src/run_fundamental.at:2371:0
Considering: import/gnucobol/tests/testsuite.src/run_fundamental.at:2372:0
Considering: import/gnucobol/tests/testsuite.src/run_fundamental.at:2397:0
Considering: import/gnucobol/tests/testsuite.src/run_fundamental.at:2429:0
Considering: import/gnucobol/tests/testsuite.src/run_fundamental.at:2453:0
Considering: import/gnucobol/tests/testsuite.src/run_fundamental.at:2477:0
Considering: import/gnucobol/tests/testsuite.src/run_fundamental.at:2501:0
Considering: import/gnucobol/tests/testsuite.src/run_fundamental.at:2526:0
Considering: import/gnucobol/tests/testsuite.src/run_fundamental.at:2549:0
Considering: import/gnucobol/tests/testsuite.src/run_fundamental.at:2571:0
run_fundamental.at-2571-prog.cob:11.20-11.26:
   8          01  NORMAL       PIC 9 VALUE 0.
   9          PROCEDURE        DIVISION.
  10              DISPLAY NORMAL NO ADVANCING *> Intentionally no period or END-DISPLAY
  11 >            STOP RUN NORMAL.
----                       ^^^^^^
>> Error: Invalid syntax

Considering: import/gnucobol/tests/testsuite.src/run_fundamental.at:2598:0
Considering: import/gnucobol/tests/testsuite.src/run_fundamental.at:2625:0
Considering: import/gnucobol/tests/testsuite.src/run_fundamental.at:2688:0
Considering: import/gnucobol/tests/testsuite.src/run_fundamental.at:2751:0
Considering: import/gnucobol/tests/testsuite.src/run_fundamental.at:2814:0
Considering: import/gnucobol/tests/testsuite.src/run_fundamental.at:2877:0
Considering: import/gnucobol/tests/testsuite.src/run_fundamental.at:2940:0
Considering: import/gnucobol/tests/testsuite.src/run_fundamental.at:3003:0
Considering: import/gnucobol/tests/testsuite.src/run_fundamental.at:3066:0
Considering: import/gnucobol/tests/testsuite.src/run_fundamental.at:3102:0
Considering: import/gnucobol/tests/testsuite.src/run_fundamental.at:3338:0
Considering: import/gnucobol/tests/testsuite.src/run_fundamental.at:3642:0
Considering: import/gnucobol/tests/testsuite.src/run_fundamental.at:3877:0
Considering: import/gnucobol/tests/testsuite.src/run_fundamental.at:4112:0
Considering: import/gnucobol/tests/testsuite.src/run_fundamental.at:4171:0
run_fundamental.at-4171-dump.c:5.6-5.7:
   2   #include <stdio.h>
   3   #include <libcob.h>
   4   
   5 > COB_EXT_EXPORT int
----         ^
   6   dump (char *p)
   7   {
>> Error: Unexpected indicator: `T'

run_fundamental.at-4171-dump.c:5.7-5.8:
   2   #include <stdio.h>
   3   #include <libcob.h>
   4   
   5 > COB_EXT_EXPORT int
----          ^
   6   dump (char *p)
   7   {
>> Error: Invalid syntax

run_fundamental.at-4171-dump.c:6.6-6.7:
   3   #include <libcob.h>
   4   
   5   COB_EXT_EXPORT int
   6 > dump (char *p)
----         ^
   7   {
   8     printf ("%c%c", p[0], p[1]);
>> Error: Unexpected indicator: `c'

run_fundamental.at-4171-dump.c:8.6-8.7:
   5   COB_EXT_EXPORT int
   6   dump (char *p)
   7   {
   8 >   printf ("%c%c", p[0], p[1]);
----         ^
   9     return 0;
  10   }
>> Error: Unexpected indicator: `t'

run_fundamental.at-4171-dump.c:9.6-9.7:
   6   dump (char *p)
   7   {
   8     printf ("%c%c", p[0], p[1]);
   9 >   return 0;
----         ^
  10   }
>> Error: Unexpected indicator: `r'

Considering: import/gnucobol/tests/testsuite.src/run_fundamental.at:4172:0
Considering: import/gnucobol/tests/testsuite.src/run_fundamental.at:4462:0
Considering: import/gnucobol/tests/testsuite.src/run_fundamental.at:4508:0
Considering: import/gnucobol/tests/testsuite.src/run_fundamental.at:4560:0
Considering: import/gnucobol/tests/testsuite.src/run_fundamental.at:4608:0
Considering: import/gnucobol/tests/testsuite.src/run_fundamental.at:4648:0
run_fundamental.at-4648-prog.cob:12.7-12.19:
   9                  05  misalign-1           PIC X.
  10                  05  ptr                  POINTER, SYNC.
  11                  05  ptr-num              REDEFINES ptr,
  12 >        >>IF P64 SET
----          ^^^^^^^^^^^^
  13                                           USAGE BINARY-DOUBLE UNSIGNED.
  14          >>ELSE
>> Error: Malformed compiler directive

run_fundamental.at-4648-prog.cob:14.7-14.13:
  11                  05  ptr-num              REDEFINES ptr,
  12          >>IF P64 SET
  13                                           USAGE BINARY-DOUBLE UNSIGNED.
  14 >        >>ELSE
----          ^^^^^^
  15                                           USAGE BINARY-LONG UNSIGNED.
  16          >>END-IF
>> Error: Unexpected >>ELSE compiler directive

run_fundamental.at-4648-prog.cob:15.40-15.45:
  12          >>IF P64 SET
  13                                           USAGE BINARY-DOUBLE UNSIGNED.
  14          >>ELSE
  15 >                                         USAGE BINARY-LONG UNSIGNED.
----                                           ^^^^^
  16          >>END-IF
  17                  05  misalign-2           PIC X.
>> Error: Invalid syntax

run_fundamental.at-4648-prog.cob:16.7-16.15:
  13                                           USAGE BINARY-DOUBLE UNSIGNED.
  14          >>ELSE
  15                                           USAGE BINARY-LONG UNSIGNED.
  16 >        >>END-IF
----          ^^^^^^^^
  17                  05  misalign-2           PIC X.
  18   
>> Error: Unexpected >>END-IF compiler directive

Considering: import/gnucobol/tests/testsuite.src/run_fundamental.at:4745:0
Considering: import/gnucobol/tests/testsuite.src/run_fundamental.at:4774:0
Considering: import/gnucobol/tests/testsuite.src/run_fundamental.at:4802:0
Considering: import/gnucobol/tests/testsuite.src/run_fundamental.at:4828:0
Considering: import/gnucobol/tests/testsuite.src/run_fundamental.at:4861:0
Considering: import/gnucobol/tests/testsuite.src/run_fundamental.at:4982:0
Considering: import/gnucobol/tests/testsuite.src/run_fundamental.at:5018:0
Considering: import/gnucobol/tests/testsuite.src/run_fundamental.at:5040:0
Considering: import/gnucobol/tests/testsuite.src/run_fundamental.at:5063:0
Considering: import/gnucobol/tests/testsuite.src/run_fundamental.at:5089:0
run_fundamental.at-5089-prog.cob:12.36:
   9          PROCEDURE        DIVISION.
  10         D    DISPLAY "KO" NO ADVANCING UPON STDOUT
  11         D    END-DISPLAY.
  12 >            DISPLAY "OK" NO ADVANCING UPON STDOUT
----                                       ^
  13              END-DISPLAY.
  14              STOP RUN.
>> Hint: Missing .

run_fundamental.at-5089-prog.cob:12.37-12.41:
   9          PROCEDURE        DIVISION.
  10         D    DISPLAY "KO" NO ADVANCING UPON STDOUT
  11         D    END-DISPLAY.
  12 >            DISPLAY "OK" NO ADVANCING UPON STDOUT
----                                        ^^^^
  13              END-DISPLAY.
  14              STOP RUN.
>> Warning: Invalid syntax

run_fundamental.at-5089-prog.cob:13.11-13.22:
  10         D    DISPLAY "KO" NO ADVANCING UPON STDOUT
  11         D    END-DISPLAY.
  12              DISPLAY "OK" NO ADVANCING UPON STDOUT
  13 >            END-DISPLAY.
----              ^^^^^^^^^^^
  14              STOP RUN.
>> Error: Invalid syntax

Considering: import/gnucobol/tests/testsuite.src/run_fundamental.at:5112:0
run_fundamental.at-5112-prog.cob:9.6-9.38:
   6          PROCEDURE        DIVISION.
   7                DISPLAY "OK" NO ADVANCING
   8                END-DISPLAY.
   9 >       >>D    DISPLAY "KO" NO ADVANCING
----         ^^^^^^^^^^^^^^^^^^^^^^^^^^^^^^^^
  10         >>D    END-DISPLAY.
  11                STOP RUN.
>> Error: Invalid >>D compiler directive

run_fundamental.at-5112-prog.cob:10.6-10.25:
   7                DISPLAY "OK" NO ADVANCING
   8                END-DISPLAY.
   9         >>D    DISPLAY "KO" NO ADVANCING
  10 >       >>D    END-DISPLAY.
----         ^^^^^^^^^^^^^^^^^^^
  11                STOP RUN.
>> Error: Invalid >>D compiler directive

Considering: import/gnucobol/tests/testsuite.src/run_fundamental.at:5135:0
run_fundamental.at-5135-prog.cob:9.6-9.38:
   6          PROCEDURE        DIVISION.
   7                DISPLAY "OK" NO ADVANCING
   8                END-DISPLAY.
   9 >       >>D    DISPLAY "KO" NO ADVANCING
----         ^^^^^^^^^^^^^^^^^^^^^^^^^^^^^^^^
  10         >>D    END-DISPLAY.
  11                STOP RUN.
>> Error: Invalid >>D compiler directive

run_fundamental.at-5135-prog.cob:10.6-10.25:
   7                DISPLAY "OK" NO ADVANCING
   8                END-DISPLAY.
   9         >>D    DISPLAY "KO" NO ADVANCING
  10 >       >>D    END-DISPLAY.
----         ^^^^^^^^^^^^^^^^^^^
  11                STOP RUN.
>> Error: Invalid >>D compiler directive

Considering: import/gnucobol/tests/testsuite.src/run_fundamental.at:5172:0
Considering: import/gnucobol/tests/testsuite.src/run_fundamental.at:5217:0
Considering: import/gnucobol/tests/testsuite.src/run_fundamental.at:5262:0
Considering: import/gnucobol/tests/testsuite.src/run_fundamental.at:5313:0
Considering: import/gnucobol/tests/testsuite.src/run_fundamental.at:5363:0
Considering: import/gnucobol/tests/testsuite.src/run_fundamental.at:5426:0
Considering: import/gnucobol/tests/testsuite.src/run_fundamental.at:5486:0
Considering: import/gnucobol/tests/testsuite.src/run_fundamental.at:5538:0
Considering: import/gnucobol/tests/testsuite.src/run_fundamental.at:5576:0
Considering: import/gnucobol/tests/testsuite.src/run_fundamental.at:5623:0
run_fundamental.at-5623-prog.cob:10.43:
   7          DATA             DIVISION.
   8          WORKING-STORAGE  SECTION.
   9          01  DATA-FIELD   PIC X(40) VALUE "ABCD" BASED.
  10 >        77  PTR          USAGE POINTER VALUE NULL.
----                                              ^
  11          01  DATA-FIELD3  PIC X(13) VALUE "42"   BASED.
  12          LINKAGE SECTION.
>> Hint: Missing <literal>

run_fundamental.at-5623-prog.cob:10.44-10.48:
   7          DATA             DIVISION.
   8          WORKING-STORAGE  SECTION.
   9          01  DATA-FIELD   PIC X(40) VALUE "ABCD" BASED.
  10 >        77  PTR          USAGE POINTER VALUE NULL.
----                                               ^^^^
  11          01  DATA-FIELD3  PIC X(13) VALUE "42"   BASED.
  12          LINKAGE SECTION.
>> Error: Invalid syntax

Considering: import/gnucobol/tests/testsuite.src/run_fundamental.at:5670:0
Considering: import/gnucobol/tests/testsuite.src/run_fundamental.at:6013:0
Considering: import/gnucobol/tests/testsuite.src/run_fundamental.at:6072:0
Considering: import/gnucobol/tests/testsuite.src/run_fundamental.at:6161:0
Considering: import/gnucobol/tests/testsuite.src/run_fundamental.at:6229:0
Considering: import/gnucobol/tests/testsuite.src/run_fundamental.at:6281:0
Considering: import/gnucobol/tests/testsuite.src/run_fundamental.at:6280:0
Considering: import/gnucobol/tests/testsuite.src/run_fundamental.at:6308:0
Considering: import/gnucobol/tests/testsuite.src/run_fundamental.at:6385:0
Considering: import/gnucobol/tests/testsuite.src/run_fundamental.at:6348:0
Considering: import/gnucobol/tests/testsuite.src/run_fundamental.at:6440:0
Considering: import/gnucobol/tests/testsuite.src/run_fundamental.at:6484:0
run_fundamental.at-6484-prog.cob:13.26:
  10          PROCEDURE DIVISION.
  11          MAIN-PROGRAM SECTION.
  12          INIZIO.
  13 >            IF VAR1 = (VAR2 AND VAR3 AND VAR4)
----                             ^
  14                 DISPLAY "TRUE 1"
  15              END-IF
>> Hint: Missing )

run_fundamental.at-6484-prog.cob:13.27-13.30:
  10          PROCEDURE DIVISION.
  11          MAIN-PROGRAM SECTION.
  12          INIZIO.
  13 >            IF VAR1 = (VAR2 AND VAR3 AND VAR4)
----                              ^^^
  14                 DISPLAY "TRUE 1"
  15              END-IF
>> Error: Invalid syntax

run_fundamental.at-6484-prog.cob:13.44-13.45:
  10          PROCEDURE DIVISION.
  11          MAIN-PROGRAM SECTION.
  12          INIZIO.
  13 >            IF VAR1 = (VAR2 AND VAR3 AND VAR4)
----                                               ^
  14                 DISPLAY "TRUE 1"
  15              END-IF
>> Error: Invalid syntax

run_fundamental.at-6484-prog.cob:16.30:
  13              IF VAR1 = (VAR2 AND VAR3 AND VAR4)
  14                 DISPLAY "TRUE 1"
  15              END-IF
  16 >            IF VAR1 NOT = (VAR2 AND VAR3 AND VAR4)
----                                 ^
  17                 DISPLAY "TRUE 2"
  18              END-IF
>> Hint: Missing )

run_fundamental.at-6484-prog.cob:16.31-16.34:
  13              IF VAR1 = (VAR2 AND VAR3 AND VAR4)
  14                 DISPLAY "TRUE 1"
  15              END-IF
  16 >            IF VAR1 NOT = (VAR2 AND VAR3 AND VAR4)
----                                  ^^^
  17                 DISPLAY "TRUE 2"
  18              END-IF
>> Error: Invalid syntax

run_fundamental.at-6484-prog.cob:16.48-16.49:
  13              IF VAR1 = (VAR2 AND VAR3 AND VAR4)
  14                 DISPLAY "TRUE 1"
  15              END-IF
  16 >            IF VAR1 NOT = (VAR2 AND VAR3 AND VAR4)
----                                                   ^
  17                 DISPLAY "TRUE 2"
  18              END-IF
>> Error: Invalid syntax

run_fundamental.at-6484-prog.cob:19.30:
  16              IF VAR1 NOT = (VAR2 AND VAR3 AND VAR4)
  17                 DISPLAY "TRUE 2"
  18              END-IF
  19 >            IF VAR1 NOT > (VAR2 AND VAR3 AND VAR4)
----                                 ^
  20                 DISPLAY "TRUE 3"
  21              END-IF
>> Hint: Missing )

run_fundamental.at-6484-prog.cob:19.31-19.34:
  16              IF VAR1 NOT = (VAR2 AND VAR3 AND VAR4)
  17                 DISPLAY "TRUE 2"
  18              END-IF
  19 >            IF VAR1 NOT > (VAR2 AND VAR3 AND VAR4)
----                                  ^^^
  20                 DISPLAY "TRUE 3"
  21              END-IF
>> Error: Invalid syntax

run_fundamental.at-6484-prog.cob:19.48-19.49:
  16              IF VAR1 NOT = (VAR2 AND VAR3 AND VAR4)
  17                 DISPLAY "TRUE 2"
  18              END-IF
  19 >            IF VAR1 NOT > (VAR2 AND VAR3 AND VAR4)
----                                                   ^
  20                 DISPLAY "TRUE 3"
  21              END-IF
>> Error: Invalid syntax

Considering: import/gnucobol/tests/testsuite.src/run_fundamental.at:6560:0
Considering: import/gnucobol/tests/testsuite.src/run_fundamental.at:6764:0
run_fundamental.at-6764-prog.cob:174.16-174.22:
 171          CHECK-LENGTH.
 172         *>-----------
 173         *>
 174 >            MOVE LENGTH OF P-PIC-1 TO W01-I .
----                   ^^^^^^
 175              IF W01-I NOT = 2
 176              THEN
>> Error: Invalid syntax

run_fundamental.at-6764-prog.cob:179.16-179.22:
 176              THEN
 177                  DISPLAY 'Error 1 size <' W01-I '> !=2' .
 178         *>
 179 >            MOVE LENGTH OF P-PIC-2 TO W01-I .
----                   ^^^^^^
 180              IF W01-I NOT = 2
 181              THEN
>> Error: Invalid syntax

run_fundamental.at-6764-prog.cob:184.16-184.22:
 181              THEN
 182                  DISPLAY 'Error 2 size <' W01-I '> !=2' .
 183         *>
 184 >            MOVE LENGTH OF P-PIC-3 TO W01-I .
----                   ^^^^^^
 185              IF W01-I NOT = 1
 186              THEN
>> Error: Invalid syntax

run_fundamental.at-6764-prog.cob:190.16-190.22:
 187                  DISPLAY 'Error 3 size <' W01-I '> !=1' .
 188         *>
 189   
 190 >            MOVE LENGTH OF P-PIC-4 TO W01-I .
----                   ^^^^^^
 191              IF W01-I NOT = 1
 192              THEN
>> Error: Invalid syntax

Considering: import/gnucobol/tests/testsuite.src/run_fundamental.at:6816:0
Considering: import/gnucobol/tests/testsuite.src/run_fundamental.at:6874:0
Considering: import/gnucobol/tests/testsuite.src/run_fundamental.at:6925:0
Considering: import/gnucobol/tests/testsuite.src/run_fundamental.at:6977:0
Considering: import/gnucobol/tests/testsuite.src/run_fundamental.at:7029:0
Considering: import/gnucobol/tests/testsuite.src/run_fundamental.at:7158:0
Considering: import/gnucobol/tests/testsuite.src/run_fundamental.at:7232:0
Considering: import/gnucobol/tests/testsuite.src/run_fundamental.at:9015:0
run_fundamental.at-9015-prog.cob:30.22-30.32:
  27             05 FIELD-15 FLOAT-DECIMAL-34 .
  28             05 FIELD-16 FLOAT-LONG .
  29             05 FIELD-17 FLOAT-SHORT .
  30 >           05 FIELD-18 SIGNED-INT .
----                         ^^^^^^^^^^
  31             05 FIELD-19 SIGNED-LONG .
  32             05 FIELD-20 SIGNED-SHORT .
>> Error: Invalid syntax

run_fundamental.at-9015-prog.cob:31.22-31.33:
  28             05 FIELD-16 FLOAT-LONG .
  29             05 FIELD-17 FLOAT-SHORT .
  30             05 FIELD-18 SIGNED-INT .
  31 >           05 FIELD-19 SIGNED-LONG .
----                         ^^^^^^^^^^^
  32             05 FIELD-20 SIGNED-SHORT .
  33             05 FIELD-21 UNSIGNED-INT .
>> Error: Invalid syntax

run_fundamental.at-9015-prog.cob:32.22-32.34:
  29             05 FIELD-17 FLOAT-SHORT .
  30             05 FIELD-18 SIGNED-INT .
  31             05 FIELD-19 SIGNED-LONG .
  32 >           05 FIELD-20 SIGNED-SHORT .
----                         ^^^^^^^^^^^^
  33             05 FIELD-21 UNSIGNED-INT .
  34             05 FIELD-22 UNSIGNED-LONG .
>> Error: Invalid syntax

run_fundamental.at-9015-prog.cob:33.22-33.34:
  30             05 FIELD-18 SIGNED-INT .
  31             05 FIELD-19 SIGNED-LONG .
  32             05 FIELD-20 SIGNED-SHORT .
  33 >           05 FIELD-21 UNSIGNED-INT .
----                         ^^^^^^^^^^^^
  34             05 FIELD-22 UNSIGNED-LONG .
  35             05 FIELD-23 UNSIGNED-SHORT .
>> Error: Invalid syntax

run_fundamental.at-9015-prog.cob:34.22-34.35:
  31             05 FIELD-19 SIGNED-LONG .
  32             05 FIELD-20 SIGNED-SHORT .
  33             05 FIELD-21 UNSIGNED-INT .
  34 >           05 FIELD-22 UNSIGNED-LONG .
----                         ^^^^^^^^^^^^^
  35             05 FIELD-23 UNSIGNED-SHORT .
  36             05 FIELD-24            COMP-1 .
>> Error: Invalid syntax

run_fundamental.at-9015-prog.cob:35.22-35.36:
  32             05 FIELD-20 SIGNED-SHORT .
  33             05 FIELD-21 UNSIGNED-INT .
  34             05 FIELD-22 UNSIGNED-LONG .
  35 >           05 FIELD-23 UNSIGNED-SHORT .
----                         ^^^^^^^^^^^^^^
  36             05 FIELD-24            COMP-1 .
  37             05 FIELD-25            COMP-2 .
>> Error: Invalid syntax

run_fundamental.at-9015-prog.cob:66.22-66.32:
  63             05 FIELD-15 FLOAT-DECIMAL-34 .
  64             05 FIELD-16 FLOAT-LONG .
  65             05 FIELD-17 FLOAT-SHORT .
  66 >           05 FIELD-18 SIGNED-INT .
----                         ^^^^^^^^^^
  67             05 FIELD-19 SIGNED-LONG .
  68             05 FIELD-20 SIGNED-SHORT .
>> Error: Invalid syntax

run_fundamental.at-9015-prog.cob:67.22-67.33:
  64             05 FIELD-16 FLOAT-LONG .
  65             05 FIELD-17 FLOAT-SHORT .
  66             05 FIELD-18 SIGNED-INT .
  67 >           05 FIELD-19 SIGNED-LONG .
----                         ^^^^^^^^^^^
  68             05 FIELD-20 SIGNED-SHORT .
  69             05 FIELD-21 UNSIGNED-INT .
>> Error: Invalid syntax

run_fundamental.at-9015-prog.cob:68.22-68.34:
  65             05 FIELD-17 FLOAT-SHORT .
  66             05 FIELD-18 SIGNED-INT .
  67             05 FIELD-19 SIGNED-LONG .
  68 >           05 FIELD-20 SIGNED-SHORT .
----                         ^^^^^^^^^^^^
  69             05 FIELD-21 UNSIGNED-INT .
  70             05 FIELD-22 UNSIGNED-LONG .
>> Error: Invalid syntax

run_fundamental.at-9015-prog.cob:69.22-69.34:
  66             05 FIELD-18 SIGNED-INT .
  67             05 FIELD-19 SIGNED-LONG .
  68             05 FIELD-20 SIGNED-SHORT .
  69 >           05 FIELD-21 UNSIGNED-INT .
----                         ^^^^^^^^^^^^
  70             05 FIELD-22 UNSIGNED-LONG .
  71             05 FIELD-23 UNSIGNED-SHORT .
>> Error: Invalid syntax

run_fundamental.at-9015-prog.cob:70.22-70.35:
  67             05 FIELD-19 SIGNED-LONG .
  68             05 FIELD-20 SIGNED-SHORT .
  69             05 FIELD-21 UNSIGNED-INT .
  70 >           05 FIELD-22 UNSIGNED-LONG .
----                         ^^^^^^^^^^^^^
  71             05 FIELD-23 UNSIGNED-SHORT .
  72             05 FIELD-24            COMP-1 .
>> Error: Invalid syntax

run_fundamental.at-9015-prog.cob:71.22-71.36:
  68             05 FIELD-20 SIGNED-SHORT .
  69             05 FIELD-21 UNSIGNED-INT .
  70             05 FIELD-22 UNSIGNED-LONG .
  71 >           05 FIELD-23 UNSIGNED-SHORT .
----                         ^^^^^^^^^^^^^^
  72             05 FIELD-24            COMP-1 .
  73             05 FIELD-25            COMP-2 .
>> Error: Invalid syntax

Considering: import/gnucobol/tests/testsuite.src/run_fundamental.at:9060:0
Considering: import/gnucobol/tests/testsuite.src/run_fundamental.at:9123:0
run_fundamental.at-9123-prog.cob:10.7-10.12:
   7          SPECIAL-NAMES         .
   8          CLASS HEXA IS '0' THRU '9'
   9                        'A' THRU 'F' .
  10 >        CLASS ODD   IS '1' '3' '5' '7' '9'   .
----          ^^^^^
  11   
  12         * * * * * * * * * * * * * * * * * * * * * * * * * * * * * * * * *
>> Error: Invalid syntax

