Considering: import/gnucobol/tests/testsuite.src/syn_refmod.at:48:0
Considering: import/gnucobol/tests/testsuite.src/syn_refmod.at:147:0
Considering: import/gnucobol/tests/testsuite.src/syn_refmod.at:185:0
