Considering: import/gnucobol/tests/testsuite.src/syn_copy.at:112:0
syn_copy.at-112-prog.cob:6.7-6.30:
   3          PROGRAM-ID.      prog.
   4          DATA             DIVISION.
   5          WORKING-STORAGE  SECTION.
   6 >        COPY "copy.inc" IN SUB.
----          ^^^^^^^^^^^^^^^^^^^^^^^
   7          PROCEDURE        DIVISION.
   8              DISPLAY TEST-VAR.
>> Error: Library `copy.inc' not found
          - search path: ./SUB
          - filename extensions: "cpy" "cbl" "cob"

Considering: import/gnucobol/tests/testsuite.src/syn_copy.at:113:0
syn_copy.at-113-prog2.cob:6.7-6.30:
   3          PROGRAM-ID.      prog.
   4          DATA             DIVISION.
   5          WORKING-STORAGE  SECTION.
   6 >        COPY "copy.inc" OF SUB.
----          ^^^^^^^^^^^^^^^^^^^^^^^
   7          PROCEDURE        DIVISION.
   8              DISPLAY TEST-VAR.
>> Error: Library `copy.inc' not found
          - search path: ./SUB
          - filename extensions: "cpy" "cbl" "cob"

Considering: import/gnucobol/tests/testsuite.src/syn_copy.at:114:0
syn_copy.at-114-prog3.cob:6.7-6.31:
   3          PROGRAM-ID.      prog.
   4          DATA             DIVISION.
   5          WORKING-STORAGE  SECTION.
   6 >        COPY "copy.inc" IN sub2.
----          ^^^^^^^^^^^^^^^^^^^^^^^^
   7          PROCEDURE        DIVISION.
   8              DISPLAY TEST-VAR.
>> Error: Library `copy.inc' not found
          - search path: ./sub2
          - filename extensions: "cpy" "cbl" "cob"

Considering: import/gnucobol/tests/testsuite.src/syn_copy.at:115:0
syn_copy.at-115-prog4.cob:6.7-6.23:
   3          PROGRAM-ID.      prog.
   4          DATA             DIVISION.
   5          WORKING-STORAGE  SECTION.
   6 >        COPY "copy.inc".
----          ^^^^^^^^^^^^^^^^
   7          PROCEDURE        DIVISION.
   8              DISPLAY TEST-VAR.
>> Error: Library `copy.inc' not found
          - search path: <empty>
          - filename extensions: "cpy" "cbl" "cob"

Considering: import/gnucobol/tests/testsuite.src/syn_copy.at:116:0
syn_copy.at-116-prog5.cob:6.7-6.30:
   3          PROGRAM-ID.      prog.
   4          DATA             DIVISION.
   5          WORKING-STORAGE  SECTION.
   6 >        COPY "copy.inc" IN CBD.
----          ^^^^^^^^^^^^^^^^^^^^^^^
   7          PROCEDURE        DIVISION.
   8              DISPLAY TEST-VAR.
>> Error: Library `copy.inc' not found
          - search path: ./CBD
          - filename extensions: "cpy" "cbl" "cob"

Considering: import/gnucobol/tests/testsuite.src/syn_copy.at:163:0
Fatal: syn_copy.at-163-SUB/prog.cob: No such file or directory
Considering: import/gnucobol/tests/testsuite.src/syn_copy.at:247:0
syn_copy.at-247-prog.cob:6.7-6.23:
   3          PROGRAM-ID.      prog.
   4          DATA             DIVISION.
   5          WORKING-STORAGE  SECTION.
   6 >        COPY "copy.inc".
----          ^^^^^^^^^^^^^^^^
   7          PROCEDURE        DIVISION.
   8              DISPLAY TEST-VAR.
>> Error: Library `copy.inc' not found
          - search path: <empty>
          - filename extensions: "cpy" "cbl" "cob"

Considering: import/gnucobol/tests/testsuite.src/syn_copy.at:248:0
syn_copy.at-248-prog2.cob:6.7-6.19:
   3          PROGRAM-ID.      prog.
   4          DATA             DIVISION.
   5          WORKING-STORAGE  SECTION.
   6 >        COPY "copy".
----          ^^^^^^^^^^^^
   7          PROCEDURE        DIVISION.
   8              DISPLAY TEST-VAR.
>> Error: Library `copy' not found
          - search path: <empty>
          - filename extensions: "cpy" "cbl" "cob"

Considering: import/gnucobol/tests/testsuite.src/syn_copy.at:249:0
syn_copy.at-249-prog3.cob:6.7-6.29:
   3          PROGRAM-ID.      prog.
   4          DATA             DIVISION.
   5          WORKING-STORAGE  SECTION.
   6 >        COPY "sub.inc" OF SUB.
----          ^^^^^^^^^^^^^^^^^^^^^^
   7          PROCEDURE        DIVISION.
   8              DISPLAY TEST-VAR.
>> Error: Library `sub.inc' not found
          - search path: ./SUB
          - filename extensions: "cpy" "cbl" "cob"

Considering: import/gnucobol/tests/testsuite.src/syn_copy.at:250:0
syn_copy.at-250-prog4.cob:6.7-6.25:
   3          PROGRAM-ID.      prog.
   4          DATA             DIVISION.
   5          WORKING-STORAGE  SECTION.
   6 >        COPY "sub" OF SUB.
----          ^^^^^^^^^^^^^^^^^^
   7          PROCEDURE        DIVISION.
   8              DISPLAY TEST-VAR.
>> Error: Library `sub' not found
          - search path: ./SUB
          - filename extensions: "cpy" "cbl" "cob"

Considering: import/gnucobol/tests/testsuite.src/syn_copy.at:251:0
syn_copy.at-251-prog5.cob:6.7-6.26:
   3          PROGRAM-ID.      prog.
   4          DATA             DIVISION.
   5          WORKING-STORAGE  SECTION.
   6 >        COPY "sub" OF "..".
----          ^^^^^^^^^^^^^^^^^^^
   7          PROCEDURE        DIVISION.
   8              DISPLAY TEST-VAR.
>> Error: Library `sub' not found
          - search path: ./..
          - filename extensions: "cpy" "cbl" "cob"

Considering: import/gnucobol/tests/testsuite.src/syn_copy.at:252:0
syn_copy.at-252-prog6.cob:6.7-6.18:
   3          PROGRAM-ID.      prog.
   4          DATA             DIVISION.
   5          WORKING-STORAGE  SECTION.
   6 >        COPY "sub".
----          ^^^^^^^^^^^
   7          PROCEDURE        DIVISION.
   8              DISPLAY TEST-VAR.
>> Error: Library `sub' not found
          - search path: <empty>
          - filename extensions: "cpy" "cbl" "cob"

Considering: import/gnucobol/tests/testsuite.src/syn_copy.at:280:0
Considering: import/gnucobol/tests/testsuite.src/syn_copy.at:281:0
Considering: import/gnucobol/tests/testsuite.src/syn_copy.at:403:0
syn_copy.at-403-prog.cob:6.7-8.53:
   3          PROGRAM-ID.      prog.
   4          DATA             DIVISION.
   5          WORKING-STORAGE  SECTION.
   6 >        COPY "copy.inc"
----          ^^^^^^^^^^^^^^^
   7 >           REPLACING ==TEST-VAR== BY ==FIRST-MATCH==
----  ^^^^^^^^^^^^^^^^^^^^^^^^^^^^^^^^^^^^^^^^^^^^^^^^^^^^
   8 >                     ==TEST-VAR== BY ==SECOND-MATCH==.
----  ^^^^^^^^^^^^^^^^^^^^^^^^^^^^^^^^^^^^^^^^^^^^^^^^^^^^^^
   9          PROCEDURE        DIVISION.
  10              DISPLAY FIRST-MATCH NO ADVANCING
>> Error: Library `copy.inc' not found
          - search path: <empty>
          - filename extensions: "cpy" "cbl" "cob"

Considering: import/gnucobol/tests/testsuite.src/syn_copy.at:432:0
syn_copy.at-432-prog.cob:6.7-10.55:
   3          PROGRAM-ID.      prog.
   4          DATA             DIVISION.
   5          WORKING-STORAGE  SECTION.
   6 >        COPY "copy.inc"
----          ^^^^^^^^^^^^^^^
   7 >           REPLACING ==TEST-VAR==, BY ==FIRST-MATCH==,
----  ^^^^^^^^^^^^^^^^^^^^^^^^^^^^^^^^^^^^^^^^^^^^^^^^^^^^^^
   8 >                  ,  ==TEST-VAR==; BY ==SECOND-MATCH==;
----  ^^^^^^^^^^^^^^^^^^^^^^^^^^^^^^^^^^^^^^^^^^^^^^^^^^^^^^^
   9 >                  ;  ==TEST-VAR== , BY ==THIRD-MATCH==
----  ^^^^^^^^^^^^^^^^^^^^^^^^^^^^^^^^^^^^^^^^^^^^^^^^^^^^^^
  10 >                     ==TEST-VAR== ; BY ==FOURTH-MATCH==.
----  ^^^^^^^^^^^^^^^^^^^^^^^^^^^^^^^^^^^^^^^^^^^^^^^^^^^^^^^^
  11          PROCEDURE        DIVISION.
  12              DISPLAY FIRST-MATCH NO ADVANCING
>> Error: Library `copy.inc' not found
          - search path: <empty>
          - filename extensions: "cpy" "cbl" "cob"

Considering: import/gnucobol/tests/testsuite.src/syn_copy.at:462:0
syn_copy.at-462-prog.cob:6.7-8.44:
   3          PROGRAM-ID.      prog.
   4          DATA             DIVISION.
   5          WORKING-STORAGE  SECTION.
   6 >        COPY "copy.inc"
----          ^^^^^^^^^^^^^^^
   7 >           REPLACING ==:TEST:== BY ==COLON==
----  ^^^^^^^^^^^^^^^^^^^^^^^^^^^^^^^^^^^^^^^^^^^^
   8 >                     ==(TEST)== BY ==PAREN==.
----  ^^^^^^^^^^^^^^^^^^^^^^^^^^^^^^^^^^^^^^^^^^^^^
   9          PROCEDURE        DIVISION.
  10              DISPLAY COLON-VAR NO ADVANCING
>> Error: Library `copy.inc' not found
          - search path: <empty>
          - filename extensions: "cpy" "cbl" "cob"

Considering: import/gnucobol/tests/testsuite.src/syn_copy.at:492:0
syn_copy.at-492-prog.cob:6.7-8.53:
   3          PROGRAM-ID.      prog.
   4          DATA             DIVISION.
   5          WORKING-STORAGE  SECTION.
   6 >        COPY "copy.inc"
----          ^^^^^^^^^^^^^^^
   7 >             REPLACING LEADING ==TEST== BY ==FIRST==
----  ^^^^^^^^^^^^^^^^^^^^^^^^^^^^^^^^^^^^^^^^^^^^^^^^^^^^
   8 >                       LEADING ==NORM== BY ==SECOND==.
----  ^^^^^^^^^^^^^^^^^^^^^^^^^^^^^^^^^^^^^^^^^^^^^^^^^^^^^^
   9          PROCEDURE        DIVISION.
  10              DISPLAY FIRST-VAR NO ADVANCING
>> Error: Library `copy.inc' not found
          - search path: <empty>
          - filename extensions: "cpy" "cbl" "cob"

Considering: import/gnucobol/tests/testsuite.src/syn_copy.at:522:0
syn_copy.at-522-prog.cob:6.7-8.54:
   3          PROGRAM-ID.      prog.
   4          DATA             DIVISION.
   5          WORKING-STORAGE  SECTION.
   6 >        COPY "copy.inc"
----          ^^^^^^^^^^^^^^^
   7 >             REPLACING TRAILING ==FIRST== BY ==VAR1==
----  ^^^^^^^^^^^^^^^^^^^^^^^^^^^^^^^^^^^^^^^^^^^^^^^^^^^^^
   8 >                       TRAILING ==SECOND== BY ==VAR2==.
----  ^^^^^^^^^^^^^^^^^^^^^^^^^^^^^^^^^^^^^^^^^^^^^^^^^^^^^^^
   9          PROCEDURE        DIVISION.
  10              DISPLAY TEST-VAR1 NO ADVANCING
>> Error: Library `copy.inc' not found
          - search path: <empty>
          - filename extensions: "cpy" "cbl" "cob"

Considering: import/gnucobol/tests/testsuite.src/syn_copy.at:569:0
syn_copy.at-569-prog.cob:9.37-9.39:
   6          COPY "copy.inc"
   7               REPLACING LEADING "TEST" BY "FIRST"
   8                         LEADING "NORM" BY "SECOND"
   9 >                       LEADING "X" BY "".
----                                        ^^
  10          COPY "copy2.inc"
  11               REPLACING TRAILING "FIRST" BY "VAR1"
>> Warning: partial replacing with literal source operands is obsolete in default

syn_copy.at-569-prog.cob:6.7-9.40:
   3          PROGRAM-ID.      prog.
   4          DATA             DIVISION.
   5          WORKING-STORAGE  SECTION.
   6 >        COPY "copy.inc"
----          ^^^^^^^^^^^^^^^
   7 >             REPLACING LEADING "TEST" BY "FIRST"
----  ^^^^^^^^^^^^^^^^^^^^^^^^^^^^^^^^^^^^^^^^^^^^^^^^
   8 >                       LEADING "NORM" BY "SECOND"
----  ^^^^^^^^^^^^^^^^^^^^^^^^^^^^^^^^^^^^^^^^^^^^^^^^^
   9 >                       LEADING "X" BY "".
----  ^^^^^^^^^^^^^^^^^^^^^^^^^^^^^^^^^^^^^^^^^
  10          COPY "copy2.inc"
  11               REPLACING TRAILING "FIRST" BY "VAR1"
>> Error: Library `copy.inc' not found
          - search path: <empty>
          - filename extensions: "cpy" "cbl" "cob"

syn_copy.at-569-prog.cob:13.38-13.40:
  10          COPY "copy2.inc"
  11               REPLACING TRAILING "FIRST" BY "VAR1"
  12                         TRAILING "SECND" BY "VAR2"
  13 >                       TRAILING "Y" BY "".
----                                         ^^
  14          PROCEDURE        DIVISION.
  15              DISPLAY FIRST-VAR  NO ADVANCING END-DISPLAY.
>> Warning: partial replacing with literal source operands is obsolete in default

syn_copy.at-569-prog.cob:10.7-13.41:
   7               REPLACING LEADING "TEST" BY "FIRST"
   8                         LEADING "NORM" BY "SECOND"
   9                         LEADING "X" BY "".
  10 >        COPY "copy2.inc"
----          ^^^^^^^^^^^^^^^^
  11 >             REPLACING TRAILING "FIRST" BY "VAR1"
----  ^^^^^^^^^^^^^^^^^^^^^^^^^^^^^^^^^^^^^^^^^^^^^^^^^
  12 >                       TRAILING "SECND" BY "VAR2"
----  ^^^^^^^^^^^^^^^^^^^^^^^^^^^^^^^^^^^^^^^^^^^^^^^^^
  13 >                       TRAILING "Y" BY "".
----  ^^^^^^^^^^^^^^^^^^^^^^^^^^^^^^^^^^^^^^^^^^
  14          PROCEDURE        DIVISION.
  15              DISPLAY FIRST-VAR  NO ADVANCING END-DISPLAY.
>> Error: Library `copy2.inc' not found
          - search path: <empty>
          - filename extensions: "cpy" "cbl" "cob"

Considering: import/gnucobol/tests/testsuite.src/syn_copy.at:654:0
syn_copy.at-654-prog.cob:6.7-7.50:
   3          PROGRAM-ID.      prog.
   4          DATA             DIVISION.
   5          WORKING-STORAGE  SECTION.
   6 >        COPY "copy-1.inc"
----          ^^^^^^^^^^^^^^^^^
   7 >            REPLACING ==TEST-VAR== BY ==COPY-VAR==.
----  ^^^^^^^^^^^^^^^^^^^^^^^^^^^^^^^^^^^^^^^^^^^^^^^^^^^
   8          PROCEDURE        DIVISION.
   9              DISPLAY COPY-VAR NO ADVANCING
>> Error: Library `copy-1.inc' not found
          - search path: <empty>
          - filename extensions: "cpy" "cbl" "cob"

Considering: import/gnucobol/tests/testsuite.src/syn_copy.at:680:0
syn_copy.at-680-prog.cob:6.2-6.18:
   3     PROGRAM-ID.      prog.
   4     DATA             DIVISION.
   5     WORKING-STORAGE  SECTION.
   6 >   COPY "copy.inc".
----     ^^^^^^^^^^^^^^^^
   7     PROCEDURE        DIVISION.
   8      DISPLAY TEST-VAR NO ADVANCING
>> Error: Library `copy.inc' not found
          - search path: <empty>
          - filename extensions: "cpy" "cbl" "cob"

Considering: import/gnucobol/tests/testsuite.src/syn_copy.at:703:0
syn_copy.at-703-prog.cob:4.36-4.42:
   1   
   2          IDENTIFICATION   DIVISION.
   3          PROGRAM-ID.      prog.
   4 >        REPLACE LEADING "PREFIX-" BY SPACES
----                                       ^^^^^^
   5                  TRAILING "-SUFFIX" BY SPACE.
   6          DATA             DIVISION.
>> Error: Malformed REPLACE statement

Considering: import/gnucobol/tests/testsuite.src/syn_copy.at:709:0
syn_copy.at-709-prog2.cob:2.45-2.51:
   1   
   2 >        COPY prog REPLACING LEADING "VAR1" BY SPACES.
----                                                ^^^^^^
>> Error: Malformed COPY statement

Considering: import/gnucobol/tests/testsuite.src/syn_copy.at:761:0
syn_copy.at-761-prog.cob:7.7-8.46:
   4          DATA             DIVISION.
   5          WORKING-STORAGE  SECTION. 
   6          01 GET-VALUE.
   7 >        COPY "copy.inc" REPLACING ==TEST-VAR== BY ==TEST-AVR==
----          ^^^^^^^^^^^^^^^^^^^^^^^^^^^^^^^^^^^^^^^^^^^^^^^^^^^^^^
   8 >          == 02 TEST-EE == BY == 02 TEST-FF ==.
----  ^^^^^^^^^^^^^^^^^^^^^^^^^^^^^^^^^^^^^^^^^^^^^^^
   9          PROCEDURE DIVISION.
  10          main.
>> Error: Library `copy.inc' not found
          - search path: <empty>
          - filename extensions: "cpy" "cbl" "cob"

Considering: import/gnucobol/tests/testsuite.src/syn_copy.at:799:0
syn_copy.at-799-prog.cob:7.7-12.57:
   4          DATA             DIVISION.
   5          WORKING-STORAGE  SECTION. 
   6          01 GET-VALUE.
   7 >        COPY "copy.inc"
----          ^^^^^^^^^^^^^^^
   8 >          REPLACING LEADING ==TEST-VAR==     BY ==TEST-AVR==
----  ^^^^^^^^^^^^^^^^^^^^^^^^^^^^^^^^^^^^^^^^^^^^^^^^^^^^^^^^^^^^
   9 >                            == 02 TEST-OK == BY == 02 TEST-KO ==
----  ^^^^^^^^^^^^^^^^^^^^^^^^^^^^^^^^^^^^^^^^^^^^^^^^^^^^^^^^^^^^^^^^
  10 >                            ==TEST-CC==      BY ==TEST-DD==
----  ^^^^^^^^^^^^^^^^^^^^^^^^^^^^^^^^^^^^^^^^^^^^^^^^^^^^^^^^^^^
  11 >                            == 02 TEST-EE == BY == 02 TEST-FF ==
----  ^^^^^^^^^^^^^^^^^^^^^^^^^^^^^^^^^^^^^^^^^^^^^^^^^^^^^^^^^^^^^^^^
  12 >                            == PIC ==        BY == pic ==.
----  ^^^^^^^^^^^^^^^^^^^^^^^^^^^^^^^^^^^^^^^^^^^^^^^^^^^^^^^^^^
  13          PROCEDURE DIVISION.
  14          main.
>> Error: Library `copy.inc' not found
          - search path: <empty>
          - filename extensions: "cpy" "cbl" "cob"

Considering: import/gnucobol/tests/testsuite.src/syn_copy.at:879:0
syn_copy.at-879-prog.cob:7.7-13.62:
   4          DATA DIVISION.
   5          WORKING-STORAGE SECTION. 
   6          01 GET-VALUE.
   7 >        COPY "copy.inc" 
----          ^^^^^^^^^^^^^^^^
   8 >         REPLACING LEADING ==TEST-VAR==           BY ==TEST-AVR==
----  ^^^^^^^^^^^^^^^^^^^^^^^^^^^^^^^^^^^^^^^^^^^^^^^^^^^^^^^^^^^^^^^^^
   9 >          ==         02       TEST-OK         ==  BY == 02 TEST-KO ==
----  ^^^^^^^^^^^^^^^^^^^^^^^^^^^^^^^^^^^^^^^^^^^^^^^^^^^^^^^^^^^^^^^^^^^^^
  10 >          ==                TEST-CC            == BY == TEST-DD ==
----  ^^^^^^^^^^^^^^^^^^^^^^^^^^^^^^^^^^^^^^^^^^^^^^^^^^^^^^^^^^^^^^^^^^
  11 >          == 02 TEST-EE                               ==
----  ^^^^^^^^^^^^^^^^^^^^^^^^^^^^^^^^^^^^^^^^^^^^^^^^^^^^^^^^
  12 >                                                  BY == 02 TEST-FF ==
----  ^^^^^^^^^^^^^^^^^^^^^^^^^^^^^^^^^^^^^^^^^^^^^^^^^^^^^^^^^^^^^^^^^^^^^
  13 >          ==                            PIC ==    BY == pic ==.
----  ^^^^^^^^^^^^^^^^^^^^^^^^^^^^^^^^^^^^^^^^^^^^^^^^^^^^^^^^^^^^^^^
  14          PROCEDURE DIVISION.
  15          main.
>> Error: Library `copy.inc' not found
          - search path: <empty>
          - filename extensions: "cpy" "cbl" "cob"

Considering: import/gnucobol/tests/testsuite.src/syn_copy.at:918:0
syn_copy.at-918-prog.cob:7.7-12.55:
   4          DATA DIVISION.
   5          WORKING-STORAGE SECTION. 
   6          01 GET-VALUE.
   7 >        COPY "copy.inc"
----          ^^^^^^^^^^^^^^^
   8 >        REPLACING LEADING ==TEST-VAR==     BY ==TEST-AVR==
----  ^^^^^^^^^^^^^^^^^^^^^^^^^^^^^^^^^^^^^^^^^^^^^^^^^^^^^^^^^^
   9 >                          == 02 TEST-OK == BY == 02 TEST-KO ==
----  ^^^^^^^^^^^^^^^^^^^^^^^^^^^^^^^^^^^^^^^^^^^^^^^^^^^^^^^^^^^^^^
  10 >                          ==TEST-CC==      BY ==TEST-DD==
----  ^^^^^^^^^^^^^^^^^^^^^^^^^^^^^^^^^^^^^^^^^^^^^^^^^^^^^^^^^
  11 >                          == 02 TEST-EE == BY == 02 TEST-FF ==
----  ^^^^^^^^^^^^^^^^^^^^^^^^^^^^^^^^^^^^^^^^^^^^^^^^^^^^^^^^^^^^^^
  12 >                          == PIC ==        BY == pic ==.
----  ^^^^^^^^^^^^^^^^^^^^^^^^^^^^^^^^^^^^^^^^^^^^^^^^^^^^^^^^
  13          PROCEDURE DIVISION.
  14          main.
>> Error: Library `copy.inc' not found
          - search path: <empty>
          - filename extensions: "cpy" "cbl" "cob"

Considering: import/gnucobol/tests/testsuite.src/syn_copy.at:949:0
syn_copy.at-949-prog.cob:7.7-8.44:
   4          DATA             DIVISION.
   5          WORKING-STORAGE  SECTION.
   6          REPLACE   ==VAR-COLON== BY ==VAR-COMMA==.
   7 >        COPY "copy.inc"
----          ^^^^^^^^^^^^^^^
   8 >           REPLACING ==:TEST:== BY ==COLON==.
----  ^^^^^^^^^^^^^^^^^^^^^^^^^^^^^^^^^^^^^^^^^^^^^
   9          PROCEDURE        DIVISION.
  10              DISPLAY VAR-COLON NO ADVANCING
>> Error: Library `copy.inc' not found
          - search path: <empty>
          - filename extensions: "cpy" "cbl" "cob"

Considering: import/gnucobol/tests/testsuite.src/syn_copy.at:1072:0
syn_copy.at-1072-prog.cob:8.30-8.32:
   5          WORKING-STORAGE  SECTION.
   6          01 INPUT-REC.
   7          COPY "copy.inc"
   8 >           REPLACING 'POST' BY IN.
----                                 ^^
   9          PROCEDURE        DIVISION.
  10              DISPLAY WS-IN IN-A IN-WS NO ADVANCING.
>> Error: Malformed COPY statement

syn_copy.at-1072-prog.cob:12.7-14.49:
   9          PROCEDURE        DIVISION.
  10              DISPLAY WS-IN IN-A IN-WS NO ADVANCING.
  11              IF WS-IN EQUALS IN-A
  12 >        COPY "proc.inc"
----          ^^^^^^^^^^^^^^^
  13 >           REPLACING VAR       BY IN-A IN INPUT-REC
----  ^^^^^^^^^^^^^^^^^^^^^^^^^^^^^^^^^^^^^^^^^^^^^^^^^^^
  14 >                     ==VAR-2== BY ==IN-WS (1:1)==.
----  ^^^^^^^^^^^^^^^^^^^^^^^^^^^^^^^^^^^^^^^^^^^^^^^^^^
  15              END-IF.
  16              STOP RUN.
>> Error: Library `proc.inc' not found
          - search path: <empty>
          - filename extensions: "cpy" "cbl" "cob"

syn_copy.at-1072-prog.cob:15.11-15.17:
  12          COPY "proc.inc"
  13             REPLACING VAR       BY IN-A IN INPUT-REC
  14                       ==VAR-2== BY ==IN-WS (1:1)==.
  15 >            END-IF.
----              ^^^^^^
  16              STOP RUN.
>> Error: Invalid syntax

Considering: import/gnucobol/tests/testsuite.src/syn_copy.at:1110:0
syn_copy.at-1110-prog.cob:2.7-2.12:
   1   
   2 >        BEGIN PROGRAM    prog.
----          ^^^^^
   3          PROCEDURE        DIVISION.
   4              DISPLAY output
>> Error: Invalid syntax

Considering: import/gnucobol/tests/testsuite.src/syn_copy.at:1155:0
syn_copy.at-1155-prog.cob:6.7-8.54:
   3          PROGRAM-ID.      prog.
   4          DATA             DIVISION.
   5          WORKING-STORAGE  SECTION.
   6 >        COPY "copy.inc"
----          ^^^^^^^^^^^^^^^
   7 >             REPLACING TRAILING ==FIRST== BY ==VAR1==
----  ^^^^^^^^^^^^^^^^^^^^^^^^^^^^^^^^^^^^^^^^^^^^^^^^^^^^^
   8 >                       TRAILING ==SECOND== BY ==VAR2==.
----  ^^^^^^^^^^^^^^^^^^^^^^^^^^^^^^^^^^^^^^^^^^^^^^^^^^^^^^^
   9          REPLACE ==
  10                 01  TEST-VAR1  PIC X(2) VALUE "OK".
>> Error: Library `copy.inc' not found
          - search path: <empty>
          - filename extensions: "cpy" "cbl" "cob"

syn_copy.at-1155-prog.cob:20.7-22.54:
  17              END-DISPLAY.
  18              STOP RUN.
  19   	   ==.
  20 >        COPY "copy.inc"
----          ^^^^^^^^^^^^^^^
  21 >             REPLACING TRAILING ==FIRST== BY ==VAR1==
----  ^^^^^^^^^^^^^^^^^^^^^^^^^^^^^^^^^^^^^^^^^^^^^^^^^^^^^
  22 >                       TRAILING ==SECOND== BY ==VAR2==.
----  ^^^^^^^^^^^^^^^^^^^^^^^^^^^^^^^^^^^^^^^^^^^^^^^^^^^^^^^
>> Error: Library `copy.inc' not found
          - search path: <empty>
          - filename extensions: "cpy" "cbl" "cob"

